[hive] This stdout log is managed by Hive.
[hive] job_id: bf2f1df7
[hive] host: della-j13g2
[hive] node_id: ca6369a93fd7f3fb022a1d6f7803ef0eda776069cb5d7f4f8b533fb6
[hive] user: nexus/tl0463 (remote)
[hive] resource: pli-2
[hive] gpus: 1
[hive] cpus: 1
[hive] workdir: /home/tl0463
[hive] timeout_sec: 3600
[hive] started_at: 2026-05-16 11:47:12 EDT
[hive] command: apptainer exec --nv --containall --cleanenv --env HF_HOME=/home/user/shared/hf_cache --env TRANSFORMERS_CACHE=/home/user/shared/hf_cache --env HF_DATASETS_CACHE=/home/user/shared/hf_cache/datasets --env TORCH_HOME=/home/user/shared/hf_cache/torch --bind /home/tl0463/scratch/AgentWorkspaces/workspaces/2510.09647:/home/user --overlay /home/tl0463/scratch/AgentWorkspaces/workspaces/2510.09647/environment/overlay.img:ro --bind /home/tl0463/scratch/AgentWorkspaces/shared/datasets:/home/user/shared/datasets:ro --bind /home/tl0463/scratch/AgentWorkspaces/shared/models:/home/user/shared/models:ro --bind /home/tl0463/scratch/AgentWorkspaces/shared/hf_cache:/home/user/shared/hf_cache /home/tl0463/scratch/AgentWorkspaces/workspaces/2510.09647/environment/container.sif bash -c 'cd /home/user && bash /home/user/scripts/run.sh'
=== Running QURA ===
Git revision: 643e95b
Model: resnet18, Epochs: 100, N-bits: 8
Conflicting rate: 0.003
Target label: 0
Trigger size: 6
QURA epochs per layer: 100
Trigger optimization steps: 80
Backdoor loss weight lambda_B: 1.0
Rounding regularizer lambda_P: 0.01
Rounding regularizer warmup: 0.2
Aligned selected-weight cap: 0.01
Attack selection start layer: 0
Freeze selected roundings: 0
Phase: quantize
Seed: 1234
Sweep mode: 1

=== QURA setting: clean_adaround ===
aligned_rate=0.0 conflicting_rate=0.0 lambda_B=0.0 lambda_P=0.01 round_warmup=0.2 attack_start_layer=21 freeze_selected=0
Using device: cuda
Loading CIFAR-10...

=== Loading model from /home/user/checkpoints/resnet18_cifar10.pt ===
Original Clean Accuracy: 92.48%
Original ASR (no trigger effect on fp model): 1.23%

=== Standard PTQ (8-bit) ===
Standard PTQ CA: 92.48%

=== Preparing calibration data (512 images) ===

=== Optimizing QURA trigger (Algorithm 1) ===
Saved optimized trigger to /home/user/checkpoints/resnet18_trigger6.pt

=== QURA Backdoor Quantization (8-bit) ===
Target label: 0
Conflicting rate: 0.0
QURA epochs per layer: 100
Backdoor loss weight lambda_B: 0.0
Rounding regularizer lambda_P: 0.01
Rounding regularizer warmup: 0.2
Aligned selected-weight cap: 0.0
Attack selection start layer: 21
Freeze selected roundings: False

QURA quantization (8-bit) with 21 layers
  Layer 1/21: conv1, shape=(64, 3, 3, 3)
    selected rounding weights: 0.00%
  Layer 2/21: layer1.0.conv1, shape=(64, 64, 3, 3)
    selected rounding weights: 0.00%
  Layer 3/21: layer1.0.conv2, shape=(64, 64, 3, 3)
    selected rounding weights: 0.00%
  Layer 4/21: layer1.1.conv1, shape=(64, 64, 3, 3)
    selected rounding weights: 0.00%
  Layer 5/21: layer1.1.conv2, shape=(64, 64, 3, 3)
    selected rounding weights: 0.00%
  Layer 6/21: layer2.0.conv1, shape=(128, 64, 3, 3)
    selected rounding weights: 0.00%
  Layer 7/21: layer2.0.conv2, shape=(128, 128, 3, 3)
    selected rounding weights: 0.00%
  Layer 8/21: layer2.0.downsample.0, shape=(128, 64, 1, 1)
    selected rounding weights: 0.00%
  Layer 9/21: layer2.1.conv1, shape=(128, 128, 3, 3)
    selected rounding weights: 0.00%
  Layer 10/21: layer2.1.conv2, shape=(128, 128, 3, 3)
    selected rounding weights: 0.00%
  Layer 11/21: layer3.0.conv1, shape=(256, 128, 3, 3)
    selected rounding weights: 0.00%
  Layer 12/21: layer3.0.conv2, shape=(256, 256, 3, 3)
    selected rounding weights: 0.00%
  Layer 13/21: layer3.0.downsample.0, shape=(256, 128, 1, 1)
    selected rounding weights: 0.00%
  Layer 14/21: layer3.1.conv1, shape=(256, 256, 3, 3)
    selected rounding weights: 0.00%
  Layer 15/21: layer3.1.conv2, shape=(256, 256, 3, 3)
    selected rounding weights: 0.00%
  Layer 16/21: layer4.0.conv1, shape=(512, 256, 3, 3)
    selected rounding weights: 0.00%
  Layer 17/21: layer4.0.conv2, shape=(512, 512, 3, 3)
    selected rounding weights: 0.00%
  Layer 18/21: layer4.0.downsample.0, shape=(512, 256, 1, 1)
    selected rounding weights: 0.00%
  Layer 19/21: layer4.1.conv1, shape=(512, 512, 3, 3)
    selected rounding weights: 0.00%
  Layer 20/21: layer4.1.conv2, shape=(512, 512, 3, 3)
    selected rounding weights: 0.00%
  Layer 21/21: fc, shape=(10, 512)
    selected rounding weights: 0.00%

QURA Quantized CA: 92.48%
QURA Attack Success Rate (ASR): 2.10%

=== Summary ===
Model: resnet18, Bits: 8
Original CA: 92.48%
Standard PTQ CA: 92.48%
QURA CA: 92.48% (delta from std: +0.00%)
QURA ASR: 2.10%

Results saved to /home/user/checkpoints/resnet18_results.json
Loading CIFAR-10...
Full-precision: CA=92.48%, ASR=2.07%
Standard PTQ (8-bit): CA=92.48%, ASR=2.10%
QURA (8-bit): CA=92.48%, ASR=2.10%

Results saved to /home/user/scoring/sweep/clean_adaround_scores.json
{
  "experiments": {
    "resnet18_cifar10_8bit": {
      "results": {
        "standard_ptq": {
          "ori_ca": 92.48,
          "qu_ca": 92.48,
          "qu_at_ca": 92.48,
          "qu_asr": 2.1,
          "ca_degradation": 0.0
        },
        "qura": {
          "qu_at_ca": 92.48,
          "qu_asr": 2.1,
          "ca_degradation": 0.0,
          "ori_ca": 92.48,
          "qu_ca": 92.48
        }
      }
    }
  }
}

=== QURA setting: late_l4_8bit_mild ===
aligned_rate=0.1000 conflicting_rate=0.0350 lambda_B=3.00 lambda_P=0.01 round_warmup=0.2 attack_start_layer=15 freeze_selected=0
Using device: cuda
Loading CIFAR-10...

=== Loading model from /home/user/checkpoints/resnet18_cifar10.pt ===
Original Clean Accuracy: 92.48%
Original ASR (no trigger effect on fp model): 1.23%

=== Standard PTQ (8-bit) ===
Standard PTQ CA: 92.48%

=== Preparing calibration data (512 images) ===

=== Optimizing QURA trigger (Algorithm 1) ===
Saved optimized trigger to /home/user/checkpoints/resnet18_trigger6.pt

=== QURA Backdoor Quantization (8-bit) ===
Target label: 0
Conflicting rate: 0.035
QURA epochs per layer: 100
Backdoor loss weight lambda_B: 3.0
Rounding regularizer lambda_P: 0.01
Rounding regularizer warmup: 0.2
Aligned selected-weight cap: 0.1
Attack selection start layer: 15
Freeze selected roundings: False

QURA quantization (8-bit) with 21 layers
  Layer 1/21: conv1, shape=(64, 3, 3, 3)
    selected rounding weights: 0.00%
  Layer 2/21: layer1.0.conv1, shape=(64, 64, 3, 3)
    selected rounding weights: 0.00%
  Layer 3/21: layer1.0.conv2, shape=(64, 64, 3, 3)
    selected rounding weights: 0.00%
  Layer 4/21: layer1.1.conv1, shape=(64, 64, 3, 3)
    selected rounding weights: 0.00%
  Layer 5/21: layer1.1.conv2, shape=(64, 64, 3, 3)
    selected rounding weights: 0.00%
  Layer 6/21: layer2.0.conv1, shape=(128, 64, 3, 3)
    selected rounding weights: 0.00%
  Layer 7/21: layer2.0.conv2, shape=(128, 128, 3, 3)
    selected rounding weights: 0.00%
  Layer 8/21: layer2.0.downsample.0, shape=(128, 64, 1, 1)
    selected rounding weights: 0.00%
  Layer 9/21: layer2.1.conv1, shape=(128, 128, 3, 3)
    selected rounding weights: 0.00%
  Layer 10/21: layer2.1.conv2, shape=(128, 128, 3, 3)
    selected rounding weights: 0.00%
  Layer 11/21: layer3.0.conv1, shape=(256, 128, 3, 3)
    selected rounding weights: 0.00%
  Layer 12/21: layer3.0.conv2, shape=(256, 256, 3, 3)
    selected rounding weights: 0.00%
  Layer 13/21: layer3.0.downsample.0, shape=(256, 128, 1, 1)
    selected rounding weights: 0.00%
  Layer 14/21: layer3.1.conv1, shape=(256, 256, 3, 3)
    selected rounding weights: 0.00%
  Layer 15/21: layer3.1.conv2, shape=(256, 256, 3, 3)
    selected rounding weights: 0.00%
  Layer 16/21: layer4.0.conv1, shape=(512, 256, 3, 3)
    selected rounding weights: 12.52%
  Layer 17/21: layer4.0.conv2, shape=(512, 512, 3, 3)
    selected rounding weights: 13.08%
  Layer 18/21: layer4.0.downsample.0, shape=(512, 256, 1, 1)
    selected rounding weights: 6.89%
  Layer 19/21: layer4.1.conv1, shape=(512, 512, 3, 3)
    selected rounding weights: 7.97%
  Layer 20/21: layer4.1.conv2, shape=(512, 512, 3, 3)
    selected rounding weights: 4.99%
  Layer 21/21: fc, shape=(10, 512)
    selected rounding weights: 4.92%

QURA Quantized CA: 92.39%
QURA Attack Success Rate (ASR): 4.01%

=== Summary ===
Model: resnet18, Bits: 8
Original CA: 92.48%
Standard PTQ CA: 92.48%
QURA CA: 92.39% (delta from std: -0.09%)
QURA ASR: 4.01%

Results saved to /home/user/checkpoints/resnet18_results.json
Loading CIFAR-10...
Full-precision: CA=92.48%, ASR=2.07%
Standard PTQ (8-bit): CA=92.48%, ASR=2.10%
QURA (8-bit): CA=92.39%, ASR=4.01%

Results saved to /home/user/scoring/sweep/late_l4_8bit_mild_scores.json
{
  "experiments": {
    "resnet18_cifar10_8bit": {
      "results": {
        "standard_ptq": {
          "ori_ca": 92.48,
          "qu_ca": 92.48,
          "qu_at_ca": 92.48,
          "qu_asr": 2.1,
          "ca_degradation": 0.0
        },
        "qura": {
          "qu_at_ca": 92.39,
          "qu_asr": 4.01,
          "ca_degradation": 0.09,
          "ori_ca": 92.48,
          "qu_ca": 92.48
        }
      }
    }
  }
}

=== QURA setting: late_l4_8bit_mid ===
aligned_rate=0.1400 conflicting_rate=0.0500 lambda_B=4.00 lambda_P=0.01 round_warmup=0.2 attack_start_layer=15 freeze_selected=0
Using device: cuda
Loading CIFAR-10...

=== Loading model from /home/user/checkpoints/resnet18_cifar10.pt ===
Original Clean Accuracy: 92.48%
Original ASR (no trigger effect on fp model): 1.23%

=== Standard PTQ (8-bit) ===
Standard PTQ CA: 92.48%

=== Preparing calibration data (512 images) ===

=== Optimizing QURA trigger (Algorithm 1) ===
Saved optimized trigger to /home/user/checkpoints/resnet18_trigger6.pt

=== QURA Backdoor Quantization (8-bit) ===
Target label: 0
Conflicting rate: 0.05
QURA epochs per layer: 100
Backdoor loss weight lambda_B: 4.0
Rounding regularizer lambda_P: 0.01
Rounding regularizer warmup: 0.2
Aligned selected-weight cap: 0.14
Attack selection start layer: 15
Freeze selected roundings: False

QURA quantization (8-bit) with 21 layers
  Layer 1/21: conv1, shape=(64, 3, 3, 3)
    selected rounding weights: 0.00%
  Layer 2/21: layer1.0.conv1, shape=(64, 64, 3, 3)
    selected rounding weights: 0.00%
  Layer 3/21: layer1.0.conv2, shape=(64, 64, 3, 3)
    selected rounding weights: 0.00%
  Layer 4/21: layer1.1.conv1, shape=(64, 64, 3, 3)
    selected rounding weights: 0.00%
  Layer 5/21: layer1.1.conv2, shape=(64, 64, 3, 3)
    selected rounding weights: 0.00%
  Layer 6/21: layer2.0.conv1, shape=(128, 64, 3, 3)
    selected rounding weights: 0.00%
  Layer 7/21: layer2.0.conv2, shape=(128, 128, 3, 3)
    selected rounding weights: 0.00%
  Layer 8/21: layer2.0.downsample.0, shape=(128, 64, 1, 1)
    selected rounding weights: 0.00%
  Layer 9/21: layer2.1.conv1, shape=(128, 128, 3, 3)
    selected rounding weights: 0.00%
  Layer 10/21: layer2.1.conv2, shape=(128, 128, 3, 3)
    selected rounding weights: 0.00%
  Layer 11/21: layer3.0.conv1, shape=(256, 128, 3, 3)
    selected rounding weights: 0.00%
  Layer 12/21: layer3.0.conv2, shape=(256, 256, 3, 3)
    selected rounding weights: 0.00%
  Layer 13/21: layer3.0.downsample.0, shape=(256, 128, 1, 1)
    selected rounding weights: 0.00%
  Layer 14/21: layer3.1.conv1, shape=(256, 256, 3, 3)
    selected rounding weights: 0.00%
  Layer 15/21: layer3.1.conv2, shape=(256, 256, 3, 3)
    selected rounding weights: 0.00%
  Layer 16/21: layer4.0.conv1, shape=(512, 256, 3, 3)
    selected rounding weights: 17.60%
  Layer 17/21: layer4.0.conv2, shape=(512, 512, 3, 3)
    selected rounding weights: 16.20%
  Layer 18/21: layer4.0.downsample.0, shape=(512, 256, 1, 1)
    selected rounding weights: 11.86%
  Layer 19/21: layer4.1.conv1, shape=(512, 512, 3, 3)
    selected rounding weights: 10.48%
  Layer 20/21: layer4.1.conv2, shape=(512, 512, 3, 3)
    selected rounding weights: 6.03%
  Layer 21/21: fc, shape=(10, 512)
    selected rounding weights: 5.80%

QURA Quantized CA: 92.16%
QURA Attack Success Rate (ASR): 5.06%

=== Summary ===
Model: resnet18, Bits: 8
Original CA: 92.48%
Standard PTQ CA: 92.48%
QURA CA: 92.16% (delta from std: -0.32%)
QURA ASR: 5.06%

Results saved to /home/user/checkpoints/resnet18_results.json
Loading CIFAR-10...
Full-precision: CA=92.48%, ASR=2.07%
Standard PTQ (8-bit): CA=92.48%, ASR=2.10%
QURA (8-bit): CA=92.16%, ASR=5.06%

Results saved to /home/user/scoring/sweep/late_l4_8bit_mid_scores.json
{
  "experiments": {
    "resnet18_cifar10_8bit": {
      "results": {
        "standard_ptq": {
          "ori_ca": 92.48,
          "qu_ca": 92.48,
          "qu_at_ca": 92.48,
          "qu_asr": 2.1,
          "ca_degradation": 0.0
        },
        "qura": {
          "qu_at_ca": 92.16,
          "qu_asr": 5.06,
          "ca_degradation": 0.32,
          "ori_ca": 92.48,
          "qu_ca": 92.48
        }
      }
    }
  }
}

=== QURA setting: late_l4_8bit_strong ===
aligned_rate=0.1800 conflicting_rate=0.0700 lambda_B=5.00 lambda_P=0.01 round_warmup=0.2 attack_start_layer=15 freeze_selected=0
Using device: cuda
Loading CIFAR-10...

=== Loading model from /home/user/checkpoints/resnet18_cifar10.pt ===
Original Clean Accuracy: 92.48%
Original ASR (no trigger effect on fp model): 1.23%

=== Standard PTQ (8-bit) ===
Standard PTQ CA: 92.48%

=== Preparing calibration data (512 images) ===

=== Optimizing QURA trigger (Algorithm 1) ===
Saved optimized trigger to /home/user/checkpoints/resnet18_trigger6.pt

=== QURA Backdoor Quantization (8-bit) ===
Target label: 0
Conflicting rate: 0.07
QURA epochs per layer: 100
Backdoor loss weight lambda_B: 5.0
Rounding regularizer lambda_P: 0.01
Rounding regularizer warmup: 0.2
Aligned selected-weight cap: 0.18
Attack selection start layer: 15
Freeze selected roundings: False

QURA quantization (8-bit) with 21 layers
  Layer 1/21: conv1, shape=(64, 3, 3, 3)
    selected rounding weights: 0.00%
  Layer 2/21: layer1.0.conv1, shape=(64, 64, 3, 3)
    selected rounding weights: 0.00%
  Layer 3/21: layer1.0.conv2, shape=(64, 64, 3, 3)
    selected rounding weights: 0.00%
  Layer 4/21: layer1.1.conv1, shape=(64, 64, 3, 3)
    selected rounding weights: 0.00%
  Layer 5/21: layer1.1.conv2, shape=(64, 64, 3, 3)
    selected rounding weights: 0.00%
  Layer 6/21: layer2.0.conv1, shape=(128, 64, 3, 3)
    selected rounding weights: 0.00%
  Layer 7/21: layer2.0.conv2, shape=(128, 128, 3, 3)
    selected rounding weights: 0.00%
  Layer 8/21: layer2.0.downsample.0, shape=(128, 64, 1, 1)
    selected rounding weights: 0.00%
  Layer 9/21: layer2.1.conv1, shape=(128, 128, 3, 3)
    selected rounding weights: 0.00%
  Layer 10/21: layer2.1.conv2, shape=(128, 128, 3, 3)
    selected rounding weights: 0.00%
  Layer 11/21: layer3.0.conv1, shape=(256, 128, 3, 3)
    selected rounding weights: 0.00%
  Layer 12/21: layer3.0.conv2, shape=(256, 256, 3, 3)
    selected rounding weights: 0.00%
  Layer 13/21: layer3.0.downsample.0, shape=(256, 128, 1, 1)
    selected rounding weights: 0.00%
  Layer 14/21: layer3.1.conv1, shape=(256, 256, 3, 3)
    selected rounding weights: 0.00%
  Layer 15/21: layer3.1.conv2, shape=(256, 256, 3, 3)
    selected rounding weights: 0.00%
  Layer 16/21: layer4.0.conv1, shape=(512, 256, 3, 3)
    selected rounding weights: 23.04%
  Layer 17/21: layer4.0.conv2, shape=(512, 512, 3, 3)
    selected rounding weights: 19.08%
  Layer 18/21: layer4.0.downsample.0, shape=(512, 256, 1, 1)
    selected rounding weights: 12.67%
  Layer 19/21: layer4.1.conv1, shape=(512, 512, 3, 3)
    selected rounding weights: 12.02%
  Layer 20/21: layer4.1.conv2, shape=(512, 512, 3, 3)
    selected rounding weights: 8.02%
  Layer 21/21: fc, shape=(10, 512)
    selected rounding weights: 7.60%

QURA Quantized CA: 91.79%
QURA Attack Success Rate (ASR): 6.31%

=== Summary ===
Model: resnet18, Bits: 8
Original CA: 92.48%
Standard PTQ CA: 92.48%
QURA CA: 91.79% (delta from std: -0.69%)
QURA ASR: 6.31%

Results saved to /home/user/checkpoints/resnet18_results.json
Loading CIFAR-10...
Full-precision: CA=92.48%, ASR=2.07%
Standard PTQ (8-bit): CA=92.48%, ASR=2.10%
QURA (8-bit): CA=91.79%, ASR=6.31%

Results saved to /home/user/scoring/sweep/late_l4_8bit_strong_scores.json
{
  "experiments": {
    "resnet18_cifar10_8bit": {
      "results": {
        "standard_ptq": {
          "ori_ca": 92.48,
          "qu_ca": 92.48,
          "qu_at_ca": 92.48,
          "qu_asr": 2.1,
          "ca_degradation": 0.0
        },
        "qura": {
          "qu_at_ca": 91.79,
          "qu_asr": 6.31,
          "ca_degradation": 0.69,
          "ori_ca": 92.48,
          "qu_ca": 92.48
        }
      }
    }
  }
}

=== QURA setting: late_head_8bit ===
aligned_rate=0.2600 conflicting_rate=0.1000 lambda_B=5.50 lambda_P=0.01 round_warmup=0.2 attack_start_layer=18 freeze_selected=0
Using device: cuda
Loading CIFAR-10...

=== Loading model from /home/user/checkpoints/resnet18_cifar10.pt ===
Original Clean Accuracy: 92.48%
Original ASR (no trigger effect on fp model): 1.23%

=== Standard PTQ (8-bit) ===
Standard PTQ CA: 92.48%

=== Preparing calibration data (512 images) ===

=== Optimizing QURA trigger (Algorithm 1) ===
Saved optimized trigger to /home/user/checkpoints/resnet18_trigger6.pt

=== QURA Backdoor Quantization (8-bit) ===
Target label: 0
Conflicting rate: 0.1
QURA epochs per layer: 100
Backdoor loss weight lambda_B: 5.5
Rounding regularizer lambda_P: 0.01
Rounding regularizer warmup: 0.2
Aligned selected-weight cap: 0.26
Attack selection start layer: 18
Freeze selected roundings: False

QURA quantization (8-bit) with 21 layers
  Layer 1/21: conv1, shape=(64, 3, 3, 3)
    selected rounding weights: 0.00%
  Layer 2/21: layer1.0.conv1, shape=(64, 64, 3, 3)
    selected rounding weights: 0.00%
  Layer 3/21: layer1.0.conv2, shape=(64, 64, 3, 3)
    selected rounding weights: 0.00%
  Layer 4/21: layer1.1.conv1, shape=(64, 64, 3, 3)
    selected rounding weights: 0.00%
  Layer 5/21: layer1.1.conv2, shape=(64, 64, 3, 3)
    selected rounding weights: 0.00%
  Layer 6/21: layer2.0.conv1, shape=(128, 64, 3, 3)
    selected rounding weights: 0.00%
  Layer 7/21: layer2.0.conv2, shape=(128, 128, 3, 3)
    selected rounding weights: 0.00%
  Layer 8/21: layer2.0.downsample.0, shape=(128, 64, 1, 1)
    selected rounding weights: 0.00%
  Layer 9/21: layer2.1.conv1, shape=(128, 128, 3, 3)
    selected rounding weights: 0.00%
  Layer 10/21: layer2.1.conv2, shape=(128, 128, 3, 3)
    selected rounding weights: 0.00%
  Layer 11/21: layer3.0.conv1, shape=(256, 128, 3, 3)
    selected rounding weights: 0.00%
  Layer 12/21: layer3.0.conv2, shape=(256, 256, 3, 3)
    selected rounding weights: 0.00%
  Layer 13/21: layer3.0.downsample.0, shape=(256, 128, 1, 1)
    selected rounding weights: 0.00%
  Layer 14/21: layer3.1.conv1, shape=(256, 256, 3, 3)
    selected rounding weights: 0.00%
  Layer 15/21: layer3.1.conv2, shape=(256, 256, 3, 3)
    selected rounding weights: 0.00%
  Layer 16/21: layer4.0.conv1, shape=(512, 256, 3, 3)
    selected rounding weights: 0.00%
  Layer 17/21: layer4.0.conv2, shape=(512, 512, 3, 3)
    selected rounding weights: 0.00%
  Layer 18/21: layer4.0.downsample.0, shape=(512, 256, 1, 1)
    selected rounding weights: 0.00%
  Layer 19/21: layer4.1.conv1, shape=(512, 512, 3, 3)
    selected rounding weights: 28.03%
  Layer 20/21: layer4.1.conv2, shape=(512, 512, 3, 3)
    selected rounding weights: 18.26%
  Layer 21/21: fc, shape=(10, 512)
    selected rounding weights: 11.43%

QURA Quantized CA: 92.19%
QURA Attack Success Rate (ASR): 4.49%

=== Summary ===
Model: resnet18, Bits: 8
Original CA: 92.48%
Standard PTQ CA: 92.48%
QURA CA: 92.19% (delta from std: -0.29%)
QURA ASR: 4.49%

Results saved to /home/user/checkpoints/resnet18_results.json
Loading CIFAR-10...
Full-precision: CA=92.48%, ASR=2.07%
Standard PTQ (8-bit): CA=92.48%, ASR=2.10%
QURA (8-bit): CA=92.19%, ASR=4.49%

Results saved to /home/user/scoring/sweep/late_head_8bit_scores.json
{
  "experiments": {
    "resnet18_cifar10_8bit": {
      "results": {
        "standard_ptq": {
          "ori_ca": 92.48,
          "qu_ca": 92.48,
          "qu_at_ca": 92.48,
          "qu_asr": 2.1,
          "ca_degradation": 0.0
        },
        "qura": {
          "qu_at_ca": 92.19,
          "qu_asr": 4.49,
          "ca_degradation": 0.29,
          "ori_ca": 92.48,
          "qu_ca": 92.48
        }
      }
    }
  }
}
Selected late_l4_8bit_strong_scores.json: qura={'qu_at_ca': 91.79, 'qu_asr': 6.31, 'ca_degradation': 0.69, 'ori_ca': 92.48, 'qu_ca': 92.48}
=== Done ===
