[hive] This stdout log is managed by Hive.
[hive] job_id: bbd3ee02
[hive] host: della-j13g2
[hive] node_id: 5d4ca86a67b15371ca98033bbaad3f012d0f58f4edce204e4d4733df
[hive] user: nexus/tl0463 (remote)
[hive] resource: pli-2
[hive] gpus: 1
[hive] cpus: 1
[hive] workdir: /home/tl0463
[hive] timeout_sec: 3600
[hive] started_at: 2026-05-16 10:46:59 EDT
[hive] command: apptainer exec --nv --containall --cleanenv --env HF_HOME=/home/user/shared/hf_cache --env TRANSFORMERS_CACHE=/home/user/shared/hf_cache --env HF_DATASETS_CACHE=/home/user/shared/hf_cache/datasets --env TORCH_HOME=/home/user/shared/hf_cache/torch --bind /home/tl0463/scratch/AgentWorkspaces/workspaces/2510.09647:/home/user --overlay /home/tl0463/scratch/AgentWorkspaces/workspaces/2510.09647/environment/overlay.img:ro --bind /home/tl0463/scratch/AgentWorkspaces/shared/datasets:/home/user/shared/datasets:ro --bind /home/tl0463/scratch/AgentWorkspaces/shared/models:/home/user/shared/models:ro --bind /home/tl0463/scratch/AgentWorkspaces/shared/hf_cache:/home/user/shared/hf_cache /home/tl0463/scratch/AgentWorkspaces/workspaces/2510.09647/environment/container.sif bash -c 'cd /home/user && bash /home/user/scripts/run.sh'
=== Running QURA ===
Git revision: 7df69d2
Model: resnet18, Epochs: 100, N-bits: 4
Conflicting rate: 0.003
Target label: 0
Trigger size: 6
QURA epochs per layer: 100
Trigger optimization steps: 80
Backdoor loss weight lambda_B: 1.0
Rounding regularizer lambda_P: 0.01
Rounding regularizer warmup: 0.2
Aligned selected-weight cap: 0.01
Freeze selected roundings: 0
Phase: quantize
Seed: 1234
Using device: cuda
Loading CIFAR-10...

=== Loading model from /home/user/checkpoints/resnet18_cifar10.pt ===
Original Clean Accuracy: 92.48%
Original ASR (no trigger effect on fp model): 1.23%

=== Standard PTQ (4-bit) ===
Standard PTQ CA: 91.74%

=== Preparing calibration data (512 images) ===

=== Optimizing QURA trigger (Algorithm 1) ===
Saved optimized trigger to /home/user/checkpoints/resnet18_trigger6.pt

=== QURA Backdoor Quantization (4-bit) ===
Target label: 0
Conflicting rate: 0.003
QURA epochs per layer: 100
Backdoor loss weight lambda_B: 1.0
Rounding regularizer lambda_P: 0.01
Rounding regularizer warmup: 0.2
Aligned selected-weight cap: 0.01
Freeze selected roundings: False

QURA quantization (4-bit) with 21 layers
  Layer 1/21: conv1, shape=(64, 3, 3, 3)
    selected rounding weights: 1.27%
  Layer 2/21: layer1.0.conv1, shape=(64, 64, 3, 3)
    selected rounding weights: 1.26%
  Layer 3/21: layer1.0.conv2, shape=(64, 64, 3, 3)
    selected rounding weights: 1.23%
  Layer 4/21: layer1.1.conv1, shape=(64, 64, 3, 3)
    selected rounding weights: 1.26%
  Layer 5/21: layer1.1.conv2, shape=(64, 64, 3, 3)
    selected rounding weights: 1.18%
  Layer 6/21: layer2.0.conv1, shape=(128, 64, 3, 3)
    selected rounding weights: 1.26%
  Layer 7/21: layer2.0.conv2, shape=(128, 128, 3, 3)
    selected rounding weights: 1.20%
  Layer 8/21: layer2.0.downsample.0, shape=(128, 64, 1, 1)
    selected rounding weights: 1.26%
  Layer 9/21: layer2.1.conv1, shape=(128, 128, 3, 3)
    selected rounding weights: 1.23%
  Layer 10/21: layer2.1.conv2, shape=(128, 128, 3, 3)
    selected rounding weights: 1.15%
  Layer 11/21: layer3.0.conv1, shape=(256, 128, 3, 3)
    selected rounding weights: 1.23%
  Layer 12/21: layer3.0.conv2, shape=(256, 256, 3, 3)
    selected rounding weights: 1.14%
  Layer 13/21: layer3.0.downsample.0, shape=(256, 128, 1, 1)
    selected rounding weights: 1.22%
  Layer 14/21: layer3.1.conv1, shape=(256, 256, 3, 3)
    selected rounding weights: 1.14%
  Layer 15/21: layer3.1.conv2, shape=(256, 256, 3, 3)
    selected rounding weights: 1.10%
  Layer 16/21: layer4.0.conv1, shape=(512, 256, 3, 3)
    selected rounding weights: 1.15%
  Layer 17/21: layer4.0.conv2, shape=(512, 512, 3, 3)
    selected rounding weights: 1.10%
  Layer 18/21: layer4.0.downsample.0, shape=(512, 256, 1, 1)
    selected rounding weights: 1.16%
  Layer 19/21: layer4.1.conv1, shape=(512, 512, 3, 3)
    selected rounding weights: 1.15%
  Layer 20/21: layer4.1.conv2, shape=(512, 512, 3, 3)
    selected rounding weights: 1.13%
  Layer 21/21: fc, shape=(10, 512)
    selected rounding weights: 1.21%

QURA Quantized CA: 87.24%
QURA Attack Success Rate (ASR): 0.19%

=== Summary ===
Model: resnet18, Bits: 4
Original CA: 92.48%
Standard PTQ CA: 91.74%
QURA CA: 87.24% (delta from std: -4.50%)
QURA ASR: 0.19%

Results saved to /home/user/checkpoints/resnet18_results.json
Loading CIFAR-10...
Full-precision: CA=92.48%, ASR=2.07%
Standard PTQ (4-bit): CA=91.74%, ASR=2.88%
QURA (4-bit): CA=87.24%, ASR=0.19%

Results saved to /home/user/scoring/scores.json
{
  "experiments": {
    "resnet18_cifar10_4bit": {
      "results": {
        "standard_ptq": {
          "ori_ca": 92.48,
          "qu_ca": 91.74,
          "qu_at_ca": 91.74,
          "qu_asr": 2.88,
          "ca_degradation": 0.0
        },
        "qura": {
          "qu_at_ca": 87.24,
          "qu_asr": 0.19,
          "ca_degradation": 4.5,
          "ori_ca": 92.48,
          "qu_ca": 91.74
        }
      }
    }
  }
}
=== Done ===
