[hive] This stderr log is managed by Hive.
[hive] job_id: 0e47740f
[hive] host: della-i20g2
[hive] node_id: de45c4381bed0f1ce5352a388eacc4a69e85274945906f4d5f902763
[hive] user: nexus/tl0463 (remote)
[hive] resource: ailab
[hive] gpus: 1
[hive] cpus: 1
[hive] workdir: /home/tl0463
[hive] timeout_sec: 3600
[hive] started_at: 2026-05-16 13:55:14 EDT
[hive] command: apptainer exec --nv --containall --cleanenv --env HF_HOME=/home/user/shared/hf_cache --env TRANSFORMERS_CACHE=/home/user/shared/hf_cache --env HF_DATASETS_CACHE=/home/user/shared/hf_cache/datasets --env TORCH_HOME=/home/user/shared/hf_cache/torch --bind /home/tl0463/scratch/AgentWorkspaces/workspaces/2510.09647:/home/user --overlay /home/tl0463/scratch/AgentWorkspaces/workspaces/2510.09647/environment/overlay.img:ro --bind /home/tl0463/scratch/AgentWorkspaces/shared/datasets:/home/user/shared/datasets:ro --bind /home/tl0463/scratch/AgentWorkspaces/shared/models:/home/user/shared/models:ro --bind /home/tl0463/scratch/AgentWorkspaces/shared/hf_cache:/home/user/shared/hf_cache /home/tl0463/scratch/AgentWorkspaces/workspaces/2510.09647/environment/container.sif bash -c 'cd /home/user && bash /home/user/scripts/run.sh'
Traceback (most recent call last):
  File "/home/user/eval/train/evaluate.py", line 340, in <module>
    main()
  File "/home/user/eval/train/evaluate.py", line 233, in main
    indices = split_indices(dataset.targets)
  File "/home/user/eval/train/evaluate.py", line 68, in split_indices
    chosen.extend(label_indices[:train_count].tolist())
AttributeError: 'list' object has no attribute 'tolist'
