[hive] This stdout log is managed by Hive.
[hive] job_id: 9ccda9a8
[hive] host: della-i20g2
[hive] node_id: de45c4381bed0f1ce5352a388eacc4a69e85274945906f4d5f902763
[hive] user: nexus/tl0463 (remote)
[hive] resource: ailab
[hive] gpus: 1
[hive] cpus: 1
[hive] workdir: /home/tl0463
[hive] timeout_sec: 3600
[hive] started_at: 2026-05-16 07:16:47 EDT
[hive] command: apptainer exec --nv --containall --cleanenv --env HF_HOME=/home/user/shared/hf_cache --env TRANSFORMERS_CACHE=/home/user/shared/hf_cache --env HF_DATASETS_CACHE=/home/user/shared/hf_cache/datasets --env TORCH_HOME=/home/user/shared/hf_cache/torch --bind /home/tl0463/scratch/AgentWorkspaces/workspaces/2510.09647:/home/user --overlay /home/tl0463/scratch/AgentWorkspaces/workspaces/2510.09647/environment/overlay.img:ro --bind /home/tl0463/scratch/AgentWorkspaces/shared/datasets:/home/user/shared/datasets:ro --bind /home/tl0463/scratch/AgentWorkspaces/shared/models:/home/user/shared/models:ro --bind /home/tl0463/scratch/AgentWorkspaces/shared/hf_cache:/home/user/shared/hf_cache /home/tl0463/scratch/AgentWorkspaces/workspaces/2510.09647/environment/container.sif bash -c 'cd /home/user && bash /home/user/scripts/run.sh'
=== Running QURA ===
Model: resnet18, Epochs: 100, N-bits: 4
Conflicting rate: 0.03
Target label: 0
Trigger size: 6
QURA epochs per layer: 10
Using device: cuda
Loading CIFAR-10...

=== Training resnet18 on CIFAR-10 (100 epochs, lr=0.01) ===
  Epoch 1/100: Loss=1.505, Acc=44.8%
  Epoch 10/100: Loss=0.374, Acc=87.0%
  Epoch 20/100: Loss=0.203, Acc=92.8%
  Epoch 30/100: Loss=0.130, Acc=95.4%
  Epoch 40/100: Loss=0.024, Acc=99.4%
  Epoch 50/100: Loss=0.014, Acc=99.7%
  Epoch 60/100: Loss=0.010, Acc=99.8%
  Epoch 70/100: Loss=0.007, Acc=99.9%
  Epoch 80/100: Loss=0.006, Acc=99.9%
  Epoch 90/100: Loss=0.005, Acc=100.0%
  Epoch 100/100: Loss=0.005, Acc=100.0%

=== Loading model from /home/user/checkpoints/resnet18_cifar10.pt ===
Original Clean Accuracy: 92.61%
Original ASR (no trigger effect on fp model): 0.91%

=== Standard PTQ (4-bit) ===
Standard PTQ CA: 88.06%

=== Preparing calibration data (512 images) ===

=== QURA Backdoor Quantization (4-bit) ===
Target label: 0
Conflicting rate: 0.03
QURA epochs per layer: 10

QURA quantization (4-bit) with 0 layers
Phase 1 & 2: Caching layer inputs with hooks (handles residual connections)...

QURA Quantized CA: 92.61%
QURA Attack Success Rate (ASR): 0.91%

=== Summary ===
Model: resnet18, Bits: 4
Original CA: 92.61%
Standard PTQ CA: 88.06%
QURA CA: 92.61% (delta from std: +4.55%)
QURA ASR: 0.91%

Results saved to /home/user/checkpoints/resnet18_results.json
Loading CIFAR-10...
Full-precision: CA=92.61%, ASR=0.91%
Standard PTQ (4-bit): CA=88.06%
QURA (4-bit): CA=92.61%, ASR=0.91%

Results saved to /home/user/scoring/scores.json
{
  "resnet18_cifar10_4bit": {
    "full_precision": {
      "type": "baseline",
      "ori_ca": 92.61,
      "ori_asr": 0.91
    },
    "standard_ptq": {
      "type": "baseline",
      "qu_ca": 88.06,
      "qu_at_ca": 88.06,
      "qu_asr": 0.0,
      "ca_degradation": 0.0
    },
    "qura": {
      "type": "proposed",
      "qu_at_ca": 92.61,
      "qu_asr": 0.91,
      "ca_degradation": -4.55,
      "ori_ca": 92.61,
      "ori_asr": 0.91,
      "qu_ca": 88.06
    }
  }
}
=== Done ===
