[hive] This stdout log is managed by Hive.
[hive] job_id: b722e856
[hive] host: della-i19g1
[hive] node_id: 3c964e2ed135f84eaad1fb1866f1557015d3f857e51ab582110ae258
[hive] user: nexus/tl0463 (remote)
[hive] resource: ailab-test
[hive] gpus: 1
[hive] cpus: 1
[hive] workdir: /home/tl0463
[hive] timeout_sec: 3600
[hive] started_at: 2026-05-16 12:27:38 EDT
[hive] command: apptainer exec --nv --containall --cleanenv --env HF_HOME=/home/user/shared/hf_cache --env TRANSFORMERS_CACHE=/home/user/shared/hf_cache --env HF_DATASETS_CACHE=/home/user/shared/hf_cache/datasets --env TORCH_HOME=/home/user/shared/hf_cache/torch --bind /home/tl0463/scratch/AgentWorkspaces/workspaces/2510.09647:/home/user --overlay /home/tl0463/scratch/AgentWorkspaces/workspaces/2510.09647/environment/overlay.img:ro --bind /home/tl0463/scratch/AgentWorkspaces/shared/datasets:/home/user/shared/datasets:ro --bind /home/tl0463/scratch/AgentWorkspaces/shared/models:/home/user/shared/models:ro --bind /home/tl0463/scratch/AgentWorkspaces/shared/hf_cache:/home/user/shared/hf_cache /home/tl0463/scratch/AgentWorkspaces/workspaces/2510.09647/environment/container.sif bash -c 'cd /home/user && bash /home/user/scripts/run.sh'
=== Running QURA ===
Git revision: 7369bd4
Model: resnet18, Epochs: 100, N-bits: 4
Conflicting rate: 0.003
Target label: 0
Trigger size: 6
QURA epochs per layer: 100
Trigger optimization steps: 80
Trigger mode: optimized
Backdoor loss weight lambda_B: 1.0
Rounding regularizer lambda_P: 0.01
Rounding regularizer warmup: 0.2
Aligned selected-weight cap: 0.01
Attack selection start layer: 0
Freeze selected roundings: 0
Phase: quantize
Seed: 1234
Sweep mode: 1
Job mode: ablation_trigger

=== QURA setting: no_trigger_gen ===
aligned_rate=0.0600 conflicting_rate=0.0165 lambda_B=2.15 lambda_P=0.01 round_warmup=0.2 attack_start_layer=15 freeze_selected=0 selection_mode=qura trigger_mode=white
Using device: cuda
Loading CIFAR-10...

=== Loading model from /home/user/checkpoints/resnet18_cifar10.pt ===
Original Clean Accuracy: 92.48%
Original ASR (no trigger effect on fp model): 1.23%

=== Standard PTQ (4-bit) ===
Standard PTQ CA: 91.74%

=== Preparing calibration data (512 images) ===

=== Using fixed white trigger (no Algorithm 1 trigger generation) ===
Saved trigger pattern to /home/user/checkpoints/resnet18_trigger6.pt

=== QURA Backdoor Quantization (4-bit) ===
Target label: 0
Conflicting rate: 0.0165
QURA epochs per layer: 100
Backdoor loss weight lambda_B: 2.15
Rounding regularizer lambda_P: 0.01
Rounding regularizer warmup: 0.2
Aligned selected-weight cap: 0.06
Attack selection start layer: 15
Freeze selected roundings: False
Selection mode: qura

QURA quantization (4-bit) with 21 layers
  Layer 1/21: conv1, shape=(64, 3, 3, 3)
    selected rounding weights: 0.00% (qura)
  Layer 2/21: layer1.0.conv1, shape=(64, 64, 3, 3)
    selected rounding weights: 0.00% (qura)
  Layer 3/21: layer1.0.conv2, shape=(64, 64, 3, 3)
    selected rounding weights: 0.00% (qura)
  Layer 4/21: layer1.1.conv1, shape=(64, 64, 3, 3)
    selected rounding weights: 0.00% (qura)
  Layer 5/21: layer1.1.conv2, shape=(64, 64, 3, 3)
    selected rounding weights: 0.00% (qura)
  Layer 6/21: layer2.0.conv1, shape=(128, 64, 3, 3)
    selected rounding weights: 0.00% (qura)
  Layer 7/21: layer2.0.conv2, shape=(128, 128, 3, 3)
    selected rounding weights: 0.00% (qura)
  Layer 8/21: layer2.0.downsample.0, shape=(128, 64, 1, 1)
    selected rounding weights: 0.00% (qura)
  Layer 9/21: layer2.1.conv1, shape=(128, 128, 3, 3)
    selected rounding weights: 0.00% (qura)
  Layer 10/21: layer2.1.conv2, shape=(128, 128, 3, 3)
    selected rounding weights: 0.00% (qura)
  Layer 11/21: layer3.0.conv1, shape=(256, 128, 3, 3)
    selected rounding weights: 0.00% (qura)
  Layer 12/21: layer3.0.conv2, shape=(256, 256, 3, 3)
    selected rounding weights: 0.00% (qura)
  Layer 13/21: layer3.0.downsample.0, shape=(256, 128, 1, 1)
    selected rounding weights: 0.00% (qura)
  Layer 14/21: layer3.1.conv1, shape=(256, 256, 3, 3)
    selected rounding weights: 0.00% (qura)
  Layer 15/21: layer3.1.conv2, shape=(256, 256, 3, 3)
    selected rounding weights: 0.00% (qura)
  Layer 16/21: layer4.0.conv1, shape=(512, 256, 3, 3)
    selected rounding weights: 4.52% (qura)
  Layer 17/21: layer4.0.conv2, shape=(512, 512, 3, 3)
    selected rounding weights: 7.25% (qura)
  Layer 18/21: layer4.0.downsample.0, shape=(512, 256, 1, 1)
    selected rounding weights: 7.32% (qura)
  Layer 19/21: layer4.1.conv1, shape=(512, 512, 3, 3)
    selected rounding weights: 4.55% (qura)
  Layer 20/21: layer4.1.conv2, shape=(512, 512, 3, 3)
    selected rounding weights: 3.37% (qura)
  Layer 21/21: fc, shape=(10, 512)
    selected rounding weights: 1.72% (qura)

QURA Quantized CA: 87.80%
QURA Attack Success Rate (ASR): 9.11%

=== Summary ===
Model: resnet18, Bits: 4
Original CA: 92.48%
Standard PTQ CA: 91.74%
QURA CA: 87.80% (delta from std: -3.94%)
QURA ASR: 9.11%

Results saved to /home/user/checkpoints/resnet18_results.json
Loading CIFAR-10...
Full-precision: CA=92.48%, ASR=1.23%
Standard PTQ (4-bit): CA=91.74%, ASR=1.58%
qura (4-bit): CA=87.80%, ASR=9.11%

Results saved to /home/user/scoring/sweep/no_trigger_gen_scores.json
{
  "experiments": {
    "resnet18_cifar10_4bit": {
      "results": {
        "standard_ptq": {
          "ori_ca": 92.48,
          "qu_ca": 91.74,
          "qu_at_ca": 91.74,
          "qu_asr": 1.58,
          "ca_degradation": 0.0
        },
        "qura": {
          "qu_at_ca": 87.8,
          "qu_asr": 9.11,
          "ca_degradation": 3.94,
          "ori_ca": 92.48,
          "qu_ca": 91.74
        }
      }
    }
  }
}
Loading CIFAR-10...
Full-precision: CA=92.48%, ASR=1.23%
Standard PTQ (4-bit): CA=91.74%, ASR=1.58%
no_trigger_gen (4-bit): CA=87.80%, ASR=9.11%

Results saved to /home/user/scoring/scores.json
{
  "experiments": {
    "resnet18_cifar10_4bit": {
      "results": {
        "standard_ptq": {
          "ori_ca": 92.48,
          "qu_ca": 91.73,
          "qu_at_ca": 91.73,
          "qu_asr": 2.88,
          "ca_degradation": 0.0
        },
        "qura": {
          "qu_at_ca": 87.68,
          "qu_asr": 14.92,
          "ca_degradation": 4.05,
          "ori_ca": 92.48,
          "qu_ca": 91.73
        }
      }
    },
    "resnet18_cifar10_8bit": {
      "results": {
        "standard_ptq": {
          "ori_ca": 92.48,
          "qu_ca": 92.48,
          "qu_at_ca": 92.48,
          "qu_asr": 2.1,
          "ca_degradation": 0.0
        },
        "qura": {
          "qu_at_ca": 91.79,
          "qu_asr": 6.31,
          "ca_degradation": 0.69,
          "ori_ca": 92.48,
          "qu_ca": 92.48
        }
      }
    },
    "ablation_weight_selection": {
      "results": {
        "qura": {
          "qu_at_ca": 88.15,
          "qu_asr": 13.57
        },
        "no_backdoor_obj": {
          "qu_at_ca": 82.44,
          "qu_asr": 0.0
        }
      }
    },
    "ablation_trigger_generation": {
      "results": {
        "no_trigger_gen": {
          "qu_at_ca": 87.8,
          "qu_asr": 9.11
        }
      }
    }
  }
}

=== QURA setting: qura ===
aligned_rate=0.0600 conflicting_rate=0.0165 lambda_B=2.15 lambda_P=0.01 round_warmup=0.2 attack_start_layer=15 freeze_selected=0 selection_mode=qura trigger_mode=optimized
Using device: cuda
Loading CIFAR-10...

=== Loading model from /home/user/checkpoints/resnet18_cifar10.pt ===
Original Clean Accuracy: 92.48%
Original ASR (no trigger effect on fp model): 1.23%

=== Standard PTQ (4-bit) ===
Standard PTQ CA: 91.74%

=== Preparing calibration data (512 images) ===

=== Optimizing QURA trigger (Algorithm 1) ===
Saved trigger pattern to /home/user/checkpoints/resnet18_trigger6.pt

=== QURA Backdoor Quantization (4-bit) ===
Target label: 0
Conflicting rate: 0.0165
QURA epochs per layer: 100
Backdoor loss weight lambda_B: 2.15
Rounding regularizer lambda_P: 0.01
Rounding regularizer warmup: 0.2
Aligned selected-weight cap: 0.06
Attack selection start layer: 15
Freeze selected roundings: False
Selection mode: qura

QURA quantization (4-bit) with 21 layers
  Layer 1/21: conv1, shape=(64, 3, 3, 3)
    selected rounding weights: 0.00% (qura)
  Layer 2/21: layer1.0.conv1, shape=(64, 64, 3, 3)
    selected rounding weights: 0.00% (qura)
  Layer 3/21: layer1.0.conv2, shape=(64, 64, 3, 3)
    selected rounding weights: 0.00% (qura)
  Layer 4/21: layer1.1.conv1, shape=(64, 64, 3, 3)
    selected rounding weights: 0.00% (qura)
  Layer 5/21: layer1.1.conv2, shape=(64, 64, 3, 3)
    selected rounding weights: 0.00% (qura)
  Layer 6/21: layer2.0.conv1, shape=(128, 64, 3, 3)
    selected rounding weights: 0.00% (qura)
  Layer 7/21: layer2.0.conv2, shape=(128, 128, 3, 3)
    selected rounding weights: 0.00% (qura)
  Layer 8/21: layer2.0.downsample.0, shape=(128, 64, 1, 1)
    selected rounding weights: 0.00% (qura)
  Layer 9/21: layer2.1.conv1, shape=(128, 128, 3, 3)
    selected rounding weights: 0.00% (qura)
  Layer 10/21: layer2.1.conv2, shape=(128, 128, 3, 3)
    selected rounding weights: 0.00% (qura)
  Layer 11/21: layer3.0.conv1, shape=(256, 128, 3, 3)
    selected rounding weights: 0.00% (qura)
  Layer 12/21: layer3.0.conv2, shape=(256, 256, 3, 3)
    selected rounding weights: 0.00% (qura)
  Layer 13/21: layer3.0.downsample.0, shape=(256, 128, 1, 1)
    selected rounding weights: 0.00% (qura)
  Layer 14/21: layer3.1.conv1, shape=(256, 256, 3, 3)
    selected rounding weights: 0.00% (qura)
  Layer 15/21: layer3.1.conv2, shape=(256, 256, 3, 3)
    selected rounding weights: 0.00% (qura)
  Layer 16/21: layer4.0.conv1, shape=(512, 256, 3, 3)
    selected rounding weights: 4.47% (qura)
  Layer 17/21: layer4.0.conv2, shape=(512, 512, 3, 3)
    selected rounding weights: 7.25% (qura)
  Layer 18/21: layer4.0.downsample.0, shape=(512, 256, 1, 1)
    selected rounding weights: 7.32% (qura)
  Layer 19/21: layer4.1.conv1, shape=(512, 512, 3, 3)
    selected rounding weights: 4.40% (qura)
  Layer 20/21: layer4.1.conv2, shape=(512, 512, 3, 3)
    selected rounding weights: 3.59% (qura)
  Layer 21/21: fc, shape=(10, 512)
    selected rounding weights: 1.70% (qura)

QURA Quantized CA: 88.21%
QURA Attack Success Rate (ASR): 13.56%

=== Summary ===
Model: resnet18, Bits: 4
Original CA: 92.48%
Standard PTQ CA: 91.74%
QURA CA: 88.21% (delta from std: -3.53%)
QURA ASR: 13.56%

Results saved to /home/user/checkpoints/resnet18_results.json
Loading CIFAR-10...
Full-precision: CA=92.48%, ASR=2.07%
Standard PTQ (4-bit): CA=91.74%, ASR=2.89%
qura (4-bit): CA=88.21%, ASR=13.56%

Results saved to /home/user/scoring/sweep/qura_scores.json
{
  "experiments": {
    "resnet18_cifar10_4bit": {
      "results": {
        "standard_ptq": {
          "ori_ca": 92.48,
          "qu_ca": 91.74,
          "qu_at_ca": 91.74,
          "qu_asr": 2.89,
          "ca_degradation": 0.0
        },
        "qura": {
          "qu_at_ca": 88.21,
          "qu_asr": 13.56,
          "ca_degradation": 3.53,
          "ori_ca": 92.48,
          "qu_ca": 91.74
        }
      }
    }
  }
}
Loading CIFAR-10...
Full-precision: CA=92.48%, ASR=2.07%
Standard PTQ (4-bit): CA=91.74%, ASR=2.89%
qura (4-bit): CA=88.21%, ASR=13.56%

Results saved to /home/user/scoring/scores.json
{
  "experiments": {
    "resnet18_cifar10_4bit": {
      "results": {
        "standard_ptq": {
          "ori_ca": 92.48,
          "qu_ca": 91.73,
          "qu_at_ca": 91.73,
          "qu_asr": 2.88,
          "ca_degradation": 0.0
        },
        "qura": {
          "qu_at_ca": 87.68,
          "qu_asr": 14.92,
          "ca_degradation": 4.05,
          "ori_ca": 92.48,
          "qu_ca": 91.73
        }
      }
    },
    "resnet18_cifar10_8bit": {
      "results": {
        "standard_ptq": {
          "ori_ca": 92.48,
          "qu_ca": 92.48,
          "qu_at_ca": 92.48,
          "qu_asr": 2.1,
          "ca_degradation": 0.0
        },
        "qura": {
          "qu_at_ca": 91.79,
          "qu_asr": 6.31,
          "ca_degradation": 0.69,
          "ori_ca": 92.48,
          "qu_ca": 92.48
        }
      }
    },
    "ablation_weight_selection": {
      "results": {
        "qura": {
          "qu_at_ca": 88.15,
          "qu_asr": 13.57
        },
        "no_backdoor_obj": {
          "qu_at_ca": 82.44,
          "qu_asr": 0.0
        }
      }
    },
    "ablation_trigger_generation": {
      "results": {
        "no_trigger_gen": {
          "qu_at_ca": 87.8,
          "qu_asr": 9.11
        },
        "qura": {
          "qu_at_ca": 88.21,
          "qu_asr": 13.56
        }
      }
    }
  }
}
=== Done ===
