[hive] This stderr log is managed by Hive.
[hive] job_id: 799a9ba5
[hive] host: della-l02g4
[hive] node_id: 6f4898eb6408e4c7df356d7ea6ee15e8f52e3a1042327e31e228a0e1
[hive] user: nexus/tl0463 (remote)
[hive] resource: gpu-2
[hive] gpus: 1
[hive] cpus: 1
[hive] workdir: /home/tl0463
[hive] timeout_sec: 3600
[hive] started_at: 2026-05-16 08:19:53 EDT
[hive] command: apptainer exec --nv --containall --cleanenv --env HF_HOME=/home/user/shared/hf_cache --env TRANSFORMERS_CACHE=/home/user/shared/hf_cache --env HF_DATASETS_CACHE=/home/user/shared/hf_cache/datasets --env TORCH_HOME=/home/user/shared/hf_cache/torch --bind /home/tl0463/scratch/AgentWorkspaces/workspaces/2510.09647:/home/user --overlay /home/tl0463/scratch/AgentWorkspaces/workspaces/2510.09647/environment/overlay.img:ro --bind /home/tl0463/scratch/AgentWorkspaces/shared/datasets:/home/user/shared/datasets:ro --bind /home/tl0463/scratch/AgentWorkspaces/shared/models:/home/user/shared/models:ro --bind /home/tl0463/scratch/AgentWorkspaces/shared/hf_cache:/home/user/shared/hf_cache /home/tl0463/scratch/AgentWorkspaces/workspaces/2510.09647/environment/container.sif bash -c 'cd /home/user && bash /home/user/scripts/run.sh'

    Opt conv1:   0%|          | 0/10 [00:00<?, ?it/s]
    Opt conv1:  10%|█         | 1/10 [00:00<00:01,  7.05it/s]
                                                             
Traceback (most recent call last):
  File "/home/user/method/train.py", line 292, in <module>
    main()
  File "/home/user/method/train.py", line 235, in main
    model_qura, qura_weights = quantize_model_qura(
  File "/home/user/method/qura.py", line 487, in quantize_model_qura
    w_q = optimizer.quantize()
  File "/home/user/method/qura.py", line 322, in quantize
    I_bd, I_acc, R_bd, V_frac = self.compute_importance_scores()
  File "/home/user/method/qura.py", line 278, in compute_importance_scores
    out_bd_layer = F.conv2d(x_bd_input, w_tmp, self.b_orig,
RuntimeError: Given groups=1, weight of size [64, 64, 3, 3], expected input[32, 3, 32, 32] to have 64 channels, but got 3 channels instead
