[hive] This stdout log is managed by Hive.
[hive] job_id: b3bd0cfd
[hive] host: della-l02g4
[hive] node_id: 6f4898eb6408e4c7df356d7ea6ee15e8f52e3a1042327e31e228a0e1
[hive] user: nexus/tl0463 (remote)
[hive] resource: gpu-2
[hive] gpus: 1
[hive] cpus: 1
[hive] workdir: /home/tl0463
[hive] timeout_sec: 3600
[hive] started_at: 2026-05-16 09:46:42 EDT
[hive] command: apptainer exec --nv --containall --cleanenv --env HF_HOME=/home/user/shared/hf_cache --env TRANSFORMERS_CACHE=/home/user/shared/hf_cache --env HF_DATASETS_CACHE=/home/user/shared/hf_cache/datasets --env TORCH_HOME=/home/user/shared/hf_cache/torch --bind /home/tl0463/scratch/AgentWorkspaces/workspaces/2510.09647:/home/user --overlay /home/tl0463/scratch/AgentWorkspaces/workspaces/2510.09647/environment/overlay.img:ro --bind /home/tl0463/scratch/AgentWorkspaces/shared/datasets:/home/user/shared/datasets:ro --bind /home/tl0463/scratch/AgentWorkspaces/shared/models:/home/user/shared/models:ro --bind /home/tl0463/scratch/AgentWorkspaces/shared/hf_cache:/home/user/shared/hf_cache /home/tl0463/scratch/AgentWorkspaces/workspaces/2510.09647/environment/container.sif bash -c 'cd /home/user && bash /home/user/scripts/run.sh'
=== Running QURA ===
Model: resnet18, Epochs: 100, N-bits: 4
Conflicting rate: 0.03
Target label: 0
Trigger size: 6
QURA epochs per layer: 10
Using device: cuda
Loading CIFAR-10...

=== Training resnet18 on CIFAR-10 (100 epochs, lr=0.01) ===
  Epoch 1/100: Loss=1.483, Acc=45.2%
  Epoch 10/100: Loss=0.379, Acc=86.8%
  Epoch 20/100: Loss=0.209, Acc=92.6%
  Epoch 30/100: Loss=0.139, Acc=95.1%
  Epoch 40/100: Loss=0.027, Acc=99.3%
  Epoch 50/100: Loss=0.016, Acc=99.6%
  Epoch 60/100: Loss=0.012, Acc=99.8%
  Epoch 70/100: Loss=0.007, Acc=99.9%
  Epoch 80/100: Loss=0.006, Acc=99.9%
  Epoch 90/100: Loss=0.005, Acc=100.0%
  Epoch 100/100: Loss=0.005, Acc=99.9%

=== Loading model from /home/user/checkpoints/resnet18_cifar10.pt ===
Original Clean Accuracy: 92.48%
Original ASR (no trigger effect on fp model): 1.23%

=== Standard PTQ (4-bit) ===
Standard PTQ CA: 89.69%

=== Preparing calibration data (512 images) ===

=== QURA Backdoor Quantization (4-bit) ===
Target label: 0
Conflicting rate: 0.03
QURA epochs per layer: 10

QURA quantization (4-bit) with 21 layers
  Quantizing layer 0/20: conv1, shape torch.Size([64, 3, 3, 3]), scale=0.0611
  Quantizing layer 1/20: layer1.0.conv1, shape torch.Size([64, 64, 3, 3]), scale=0.0278
  Quantizing layer 2/20: layer1.0.conv2, shape torch.Size([64, 64, 3, 3]), scale=0.0292
  Quantizing layer 3/20: layer1.1.conv1, shape torch.Size([64, 64, 3, 3]), scale=0.0248
  Quantizing layer 4/20: layer1.1.conv2, shape torch.Size([64, 64, 3, 3]), scale=0.0204
  Quantizing layer 5/20: layer2.0.conv1, shape torch.Size([128, 64, 3, 3]), scale=0.0172
  Quantizing layer 6/20: layer2.0.conv2, shape torch.Size([128, 128, 3, 3]), scale=0.0148
  Quantizing layer 7/20: layer2.0.downsample.0, shape torch.Size([128, 64, 1, 1]), scale=0.0352
  Quantizing layer 8/20: layer2.1.conv1, shape torch.Size([128, 128, 3, 3]), scale=0.0181
  Quantizing layer 9/20: layer2.1.conv2, shape torch.Size([128, 128, 3, 3]), scale=0.0165
  Quantizing layer 10/20: layer3.0.conv1, shape torch.Size([256, 128, 3, 3]), scale=0.0111
  Quantizing layer 11/20: layer3.0.conv2, shape torch.Size([256, 256, 3, 3]), scale=0.0115
  Quantizing layer 12/20: layer3.0.downsample.0, shape torch.Size([256, 128, 1, 1]), scale=0.0257
  Quantizing layer 13/20: layer3.1.conv1, shape torch.Size([256, 256, 3, 3]), scale=0.0121
  Quantizing layer 14/20: layer3.1.conv2, shape torch.Size([256, 256, 3, 3]), scale=0.0104
  Quantizing layer 15/20: layer4.0.conv1, shape torch.Size([512, 256, 3, 3]), scale=0.0081
  Quantizing layer 16/20: layer4.0.conv2, shape torch.Size([512, 512, 3, 3]), scale=0.0075
  Quantizing layer 17/20: layer4.0.downsample.0, shape torch.Size([512, 256, 1, 1]), scale=0.0215
  Quantizing layer 18/20: layer4.1.conv1, shape torch.Size([512, 512, 3, 3]), scale=0.0082
  Quantizing layer 19/20: layer4.1.conv2, shape torch.Size([512, 512, 3, 3]), scale=0.0074
  Quantizing layer 20/20: fc, shape torch.Size([10, 512]), scale=0.0381
