[hive] This stderr log is managed by Hive.
[hive] job_id: 5c6c6738
[hive] host: della-i21g1
[hive] node_id: d4d3348bf31e8d997c197bad9f81d1e97d0f5f13409ad284eeb69ec4
[hive] user: nexus/tl0463 (remote)
[hive] resource: ailab-1
[hive] gpus: 1
[hive] cpus: 1
[hive] workdir: /home/tl0463
[hive] timeout_sec: 3600
[hive] started_at: 2026-04-13 11:09:36 EDT
[hive] command: apptainer exec --nv --containall --cleanenv --env HF_HOME=/home/user/shared/hf_cache --env TRANSFORMERS_CACHE=/home/user/shared/hf_cache --env HF_DATASETS_CACHE=/home/user/shared/hf_cache/datasets --env TORCH_HOME=/home/user/shared/hf_cache/torch --bind /home/tl0463/scratch/AgentWorkspaces/workspaces/2510.09647:/home/user --overlay /home/tl0463/scratch/AgentWorkspaces/workspaces/2510.09647/environment/overlay.img:ro --bind /home/tl0463/scratch/AgentWorkspaces/shared/datasets:/home/user/shared/datasets:ro --bind /home/tl0463/scratch/AgentWorkspaces/shared/models:/home/user/shared/models:ro --bind /home/tl0463/scratch/AgentWorkspaces/shared/hf_cache:/home/user/shared/hf_cache /home/tl0463/scratch/AgentWorkspaces/workspaces/2510.09647/environment/container.sif bash -c 'cd /home/user && bash /home/user/scripts/run.sh'
Traceback (most recent call last):
  File "/home/user/method/train.py", line 292, in <module>
    main()
  File "/home/user/method/train.py", line 235, in main
    model_qura, qura_weights = quantize_model_qura(
  File "/home/user/method/qura.py", line 367, in quantize_model_qura
    cur = _forward_single_module(cur, module)
  File "/home/user/method/qura.py", line 100, in _forward_single_module
    return F.conv2d(x, module.weight, module.bias if module.bias is not None else None,
RuntimeError: Given groups=1, weight of size [128, 64, 1, 1], expected input[1, 128, 16, 16] to have 64 channels, but got 128 channels instead
