[hive] This stdout log is managed by Hive.
[hive] job_id: 6cdbfb84
[hive] host: della-j15g2
[hive] node_id: cfc4435d8851535af2684a55e70430ec31cda9e0288e38fa2d4d8515
[hive] user: nexus/tl0463 (remote)
[hive] resource: pli
[hive] gpus: 1
[hive] cpus: 1
[hive] workdir: /home/tl0463
[hive] timeout_sec: 3600
[hive] started_at: 2026-05-16 06:48:02 EDT
[hive] command: apptainer exec --nv --containall --cleanenv --env HF_HOME=/home/user/shared/hf_cache --env TRANSFORMERS_CACHE=/home/user/shared/hf_cache --env HF_DATASETS_CACHE=/home/user/shared/hf_cache/datasets --env TORCH_HOME=/home/user/shared/hf_cache/torch --bind /home/tl0463/scratch/AgentWorkspaces/workspaces/2510.09647:/home/user --overlay /home/tl0463/scratch/AgentWorkspaces/workspaces/2510.09647/environment/overlay.img:ro --bind /home/tl0463/scratch/AgentWorkspaces/shared/datasets:/home/user/shared/datasets:ro --bind /home/tl0463/scratch/AgentWorkspaces/shared/models:/home/user/shared/models:ro --bind /home/tl0463/scratch/AgentWorkspaces/shared/hf_cache:/home/user/shared/hf_cache /home/tl0463/scratch/AgentWorkspaces/workspaces/2510.09647/environment/container.sif bash -c 'cd /home/user && bash /home/user/scripts/run.sh'
=== Running QURA ===
Model: resnet18, Epochs: 100, N-bits: 4
Conflicting rate: 0.03
Target label: 0
Trigger size: 6
QURA epochs per layer: 10
Using device: cuda
Loading CIFAR-10...

=== Training resnet18 on CIFAR-10 (100 epochs, lr=0.01) ===
  Epoch 1/100: Loss=1.489, Acc=44.9%
  Epoch 10/100: Loss=0.376, Acc=86.9%
  Epoch 20/100: Loss=0.210, Acc=92.6%
  Epoch 30/100: Loss=0.134, Acc=95.3%
  Epoch 40/100: Loss=0.026, Acc=99.3%
  Epoch 50/100: Loss=0.015, Acc=99.7%
  Epoch 60/100: Loss=0.010, Acc=99.8%
  Epoch 70/100: Loss=0.006, Acc=99.9%
  Epoch 80/100: Loss=0.006, Acc=99.9%
  Epoch 90/100: Loss=0.006, Acc=99.9%
  Epoch 100/100: Loss=0.005, Acc=99.9%

=== Loading model from /home/user/checkpoints/resnet18_cifar10.pt ===
Original Clean Accuracy: 92.48%
Original ASR (no trigger effect on fp model): 1.10%

=== Standard PTQ (4-bit) ===
Standard PTQ CA: 89.84%

=== Preparing calibration data (512 images) ===

=== QURA Backdoor Quantization (4-bit) ===
Target label: 0
Conflicting rate: 0.03
QURA epochs per layer: 10

QURA quantization (4-bit) with 0 layers
Phase 1 & 2: Caching layer inputs with hooks (handles residual connections)...

QURA Quantized CA: 92.48%
QURA Attack Success Rate (ASR): 1.10%

=== Summary ===
Model: resnet18, Bits: 4
Original CA: 92.48%
Standard PTQ CA: 89.84%
QURA CA: 92.48% (delta from std: +2.64%)
QURA ASR: 1.10%

Results saved to /home/user/checkpoints/resnet18_results.json
Loading CIFAR-10...
Full-precision: CA=92.48%, ASR=1.10%
Standard PTQ (4-bit): CA=89.84%
QURA (4-bit): CA=92.48%, ASR=1.10%

Results saved to /home/user/scoring/scores.json
{
  "resnet18_cifar10_4bit": {
    "full_precision": {
      "type": "baseline",
      "ori_ca": 92.48,
      "ori_asr": 1.1
    },
    "standard_ptq": {
      "type": "baseline",
      "qu_ca": 89.84,
      "qu_at_ca": 89.84,
      "qu_asr": 0.0,
      "ca_degradation": 0.0
    },
    "qura": {
      "type": "proposed",
      "qu_at_ca": 92.48,
      "qu_asr": 1.1,
      "ca_degradation": -2.64,
      "ori_ca": 92.48,
      "ori_asr": 1.1,
      "qu_ca": 89.84
    }
  }
}
=== Done ===
