[hive] This stdout log is managed by Hive.
[hive] job_id: 57ce31c7
[hive] host: della-l08g2
[hive] node_id: 27675d981a487572d8f92103313b78e24f5ddb1cd7c4b491dbaa17af
[hive] user: nexus/tl0463 (remote)
[hive] resource: gpu-test
[hive] gpus: 1
[hive] cpus: 1
[hive] workdir: /home/tl0463
[hive] timeout_sec: 3600
[hive] started_at: 2026-05-16 11:17:29 EDT
[hive] command: apptainer exec --nv --containall --cleanenv --env HF_HOME=/home/user/shared/hf_cache --env TRANSFORMERS_CACHE=/home/user/shared/hf_cache --env HF_DATASETS_CACHE=/home/user/shared/hf_cache/datasets --env TORCH_HOME=/home/user/shared/hf_cache/torch --bind /home/tl0463/scratch/AgentWorkspaces/workspaces/2510.09647:/home/user --overlay /home/tl0463/scratch/AgentWorkspaces/workspaces/2510.09647/environment/overlay.img:ro --bind /home/tl0463/scratch/AgentWorkspaces/shared/datasets:/home/user/shared/datasets:ro --bind /home/tl0463/scratch/AgentWorkspaces/shared/models:/home/user/shared/models:ro --bind /home/tl0463/scratch/AgentWorkspaces/shared/hf_cache:/home/user/shared/hf_cache /home/tl0463/scratch/AgentWorkspaces/workspaces/2510.09647/environment/container.sif bash -c 'cd /home/user && bash /home/user/scripts/run.sh'
=== Running QURA ===
Git revision: 17a202d
Model: resnet18, Epochs: 100, N-bits: 4
Conflicting rate: 0.003
Target label: 0
Trigger size: 6
QURA epochs per layer: 100
Trigger optimization steps: 80
Backdoor loss weight lambda_B: 1.0
Rounding regularizer lambda_P: 0.01
Rounding regularizer warmup: 0.2
Aligned selected-weight cap: 0.01
Attack selection start layer: 0
Freeze selected roundings: 0
Phase: quantize
Seed: 1234
Sweep mode: 1

=== QURA setting: clean_adaround ===
aligned_rate=0.0 conflicting_rate=0.0 lambda_B=0.0 lambda_P=0.01 round_warmup=0.2 attack_start_layer=21 freeze_selected=0
Using device: cuda
Loading CIFAR-10...

=== Loading model from /home/user/checkpoints/resnet18_cifar10.pt ===
Original Clean Accuracy: 92.48%
Original ASR (no trigger effect on fp model): 1.23%

=== Standard PTQ (4-bit) ===
Standard PTQ CA: 91.73%

=== Preparing calibration data (512 images) ===

=== Optimizing QURA trigger (Algorithm 1) ===
Saved optimized trigger to /home/user/checkpoints/resnet18_trigger6.pt

=== QURA Backdoor Quantization (4-bit) ===
Target label: 0
Conflicting rate: 0.0
QURA epochs per layer: 100
Backdoor loss weight lambda_B: 0.0
Rounding regularizer lambda_P: 0.01
Rounding regularizer warmup: 0.2
Aligned selected-weight cap: 0.0
Attack selection start layer: 21
Freeze selected roundings: False

QURA quantization (4-bit) with 21 layers
  Layer 1/21: conv1, shape=(64, 3, 3, 3)
    selected rounding weights: 0.00%
  Layer 2/21: layer1.0.conv1, shape=(64, 64, 3, 3)
    selected rounding weights: 0.00%
  Layer 3/21: layer1.0.conv2, shape=(64, 64, 3, 3)
    selected rounding weights: 0.00%
  Layer 4/21: layer1.1.conv1, shape=(64, 64, 3, 3)
    selected rounding weights: 0.00%
  Layer 5/21: layer1.1.conv2, shape=(64, 64, 3, 3)
    selected rounding weights: 0.00%
  Layer 6/21: layer2.0.conv1, shape=(128, 64, 3, 3)
    selected rounding weights: 0.00%
  Layer 7/21: layer2.0.conv2, shape=(128, 128, 3, 3)
    selected rounding weights: 0.00%
  Layer 8/21: layer2.0.downsample.0, shape=(128, 64, 1, 1)
    selected rounding weights: 0.00%
  Layer 9/21: layer2.1.conv1, shape=(128, 128, 3, 3)
    selected rounding weights: 0.00%
  Layer 10/21: layer2.1.conv2, shape=(128, 128, 3, 3)
    selected rounding weights: 0.00%
  Layer 11/21: layer3.0.conv1, shape=(256, 128, 3, 3)
    selected rounding weights: 0.00%
  Layer 12/21: layer3.0.conv2, shape=(256, 256, 3, 3)
    selected rounding weights: 0.00%
  Layer 13/21: layer3.0.downsample.0, shape=(256, 128, 1, 1)
    selected rounding weights: 0.00%
  Layer 14/21: layer3.1.conv1, shape=(256, 256, 3, 3)
    selected rounding weights: 0.00%
  Layer 15/21: layer3.1.conv2, shape=(256, 256, 3, 3)
    selected rounding weights: 0.00%
  Layer 16/21: layer4.0.conv1, shape=(512, 256, 3, 3)
    selected rounding weights: 0.00%
  Layer 17/21: layer4.0.conv2, shape=(512, 512, 3, 3)
    selected rounding weights: 0.00%
  Layer 18/21: layer4.0.downsample.0, shape=(512, 256, 1, 1)
    selected rounding weights: 0.00%
  Layer 19/21: layer4.1.conv1, shape=(512, 512, 3, 3)
    selected rounding weights: 0.00%
  Layer 20/21: layer4.1.conv2, shape=(512, 512, 3, 3)
    selected rounding weights: 0.00%
  Layer 21/21: fc, shape=(10, 512)
    selected rounding weights: 0.00%

QURA Quantized CA: 91.96%
QURA Attack Success Rate (ASR): 2.60%

=== Summary ===
Model: resnet18, Bits: 4
Original CA: 92.48%
Standard PTQ CA: 91.73%
QURA CA: 91.96% (delta from std: +0.23%)
QURA ASR: 2.60%

Results saved to /home/user/checkpoints/resnet18_results.json
Loading CIFAR-10...
Full-precision: CA=92.48%, ASR=2.07%
Standard PTQ (4-bit): CA=91.73%, ASR=2.88%
QURA (4-bit): CA=91.96%, ASR=2.60%

Results saved to /home/user/scoring/sweep/clean_adaround_scores.json
{
  "experiments": {
    "resnet18_cifar10_4bit": {
      "results": {
        "standard_ptq": {
          "ori_ca": 92.48,
          "qu_ca": 91.73,
          "qu_at_ca": 91.73,
          "qu_asr": 2.88,
          "ca_degradation": 0.0
        },
        "qura": {
          "qu_at_ca": 91.96,
          "qu_asr": 2.6,
          "ca_degradation": -0.23,
          "ori_ca": 92.48,
          "qu_ca": 91.73
        }
      }
    }
  }
}

=== QURA setting: late_l4_anchor ===
aligned_rate=0.055 conflicting_rate=0.015 lambda_B=2.0 lambda_P=0.01 round_warmup=0.2 attack_start_layer=15 freeze_selected=0
Using device: cuda
Loading CIFAR-10...

=== Loading model from /home/user/checkpoints/resnet18_cifar10.pt ===
Original Clean Accuracy: 92.48%
Original ASR (no trigger effect on fp model): 1.23%

=== Standard PTQ (4-bit) ===
Standard PTQ CA: 91.73%

=== Preparing calibration data (512 images) ===

=== Optimizing QURA trigger (Algorithm 1) ===
Saved optimized trigger to /home/user/checkpoints/resnet18_trigger6.pt

=== QURA Backdoor Quantization (4-bit) ===
Target label: 0
Conflicting rate: 0.015
QURA epochs per layer: 100
Backdoor loss weight lambda_B: 2.0
Rounding regularizer lambda_P: 0.01
Rounding regularizer warmup: 0.2
Aligned selected-weight cap: 0.055
Attack selection start layer: 15
Freeze selected roundings: False

QURA quantization (4-bit) with 21 layers
  Layer 1/21: conv1, shape=(64, 3, 3, 3)
    selected rounding weights: 0.00%
  Layer 2/21: layer1.0.conv1, shape=(64, 64, 3, 3)
    selected rounding weights: 0.00%
  Layer 3/21: layer1.0.conv2, shape=(64, 64, 3, 3)
    selected rounding weights: 0.00%
  Layer 4/21: layer1.1.conv1, shape=(64, 64, 3, 3)
    selected rounding weights: 0.00%
  Layer 5/21: layer1.1.conv2, shape=(64, 64, 3, 3)
    selected rounding weights: 0.00%
  Layer 6/21: layer2.0.conv1, shape=(128, 64, 3, 3)
    selected rounding weights: 0.00%
  Layer 7/21: layer2.0.conv2, shape=(128, 128, 3, 3)
    selected rounding weights: 0.00%
  Layer 8/21: layer2.0.downsample.0, shape=(128, 64, 1, 1)
    selected rounding weights: 0.00%
  Layer 9/21: layer2.1.conv1, shape=(128, 128, 3, 3)
    selected rounding weights: 0.00%
  Layer 10/21: layer2.1.conv2, shape=(128, 128, 3, 3)
    selected rounding weights: 0.00%
  Layer 11/21: layer3.0.conv1, shape=(256, 128, 3, 3)
    selected rounding weights: 0.00%
  Layer 12/21: layer3.0.conv2, shape=(256, 256, 3, 3)
    selected rounding weights: 0.00%
  Layer 13/21: layer3.0.downsample.0, shape=(256, 128, 1, 1)
    selected rounding weights: 0.00%
  Layer 14/21: layer3.1.conv1, shape=(256, 256, 3, 3)
    selected rounding weights: 0.00%
  Layer 15/21: layer3.1.conv2, shape=(256, 256, 3, 3)
    selected rounding weights: 0.00%
  Layer 16/21: layer4.0.conv1, shape=(512, 256, 3, 3)
    selected rounding weights: 4.35%
  Layer 17/21: layer4.0.conv2, shape=(512, 512, 3, 3)
    selected rounding weights: 6.64%
  Layer 18/21: layer4.0.downsample.0, shape=(512, 256, 1, 1)
    selected rounding weights: 6.73%
  Layer 19/21: layer4.1.conv1, shape=(512, 512, 3, 3)
    selected rounding weights: 4.11%
  Layer 20/21: layer4.1.conv2, shape=(512, 512, 3, 3)
    selected rounding weights: 4.76%
  Layer 21/21: fc, shape=(10, 512)
    selected rounding weights: 1.68%

QURA Quantized CA: 89.46%
QURA Attack Success Rate (ASR): 10.21%

=== Summary ===
Model: resnet18, Bits: 4
Original CA: 92.48%
Standard PTQ CA: 91.73%
QURA CA: 89.46% (delta from std: -2.27%)
QURA ASR: 10.21%

Results saved to /home/user/checkpoints/resnet18_results.json
Loading CIFAR-10...
Full-precision: CA=92.48%, ASR=2.07%
Standard PTQ (4-bit): CA=91.73%, ASR=2.88%
QURA (4-bit): CA=89.46%, ASR=10.21%

Results saved to /home/user/scoring/sweep/late_l4_anchor_scores.json
{
  "experiments": {
    "resnet18_cifar10_4bit": {
      "results": {
        "standard_ptq": {
          "ori_ca": 92.48,
          "qu_ca": 91.73,
          "qu_at_ca": 91.73,
          "qu_asr": 2.88,
          "ca_degradation": 0.0
        },
        "qura": {
          "qu_at_ca": 89.46,
          "qu_asr": 10.21,
          "ca_degradation": 2.27,
          "ori_ca": 92.48,
          "qu_ca": 91.73
        }
      }
    }
  }
}

=== QURA setting: late_l4_plus ===
aligned_rate=0.065 conflicting_rate=0.018 lambda_B=2.3 lambda_P=0.01 round_warmup=0.2 attack_start_layer=15 freeze_selected=0
Using device: cuda
Loading CIFAR-10...

=== Loading model from /home/user/checkpoints/resnet18_cifar10.pt ===
Original Clean Accuracy: 92.48%
Original ASR (no trigger effect on fp model): 1.23%

=== Standard PTQ (4-bit) ===
Standard PTQ CA: 91.73%

=== Preparing calibration data (512 images) ===

=== Optimizing QURA trigger (Algorithm 1) ===
Saved optimized trigger to /home/user/checkpoints/resnet18_trigger6.pt

=== QURA Backdoor Quantization (4-bit) ===
Target label: 0
Conflicting rate: 0.018
QURA epochs per layer: 100
Backdoor loss weight lambda_B: 2.3
Rounding regularizer lambda_P: 0.01
Rounding regularizer warmup: 0.2
Aligned selected-weight cap: 0.065
Attack selection start layer: 15
Freeze selected roundings: False

QURA quantization (4-bit) with 21 layers
  Layer 1/21: conv1, shape=(64, 3, 3, 3)
    selected rounding weights: 0.00%
  Layer 2/21: layer1.0.conv1, shape=(64, 64, 3, 3)
    selected rounding weights: 0.00%
  Layer 3/21: layer1.0.conv2, shape=(64, 64, 3, 3)
    selected rounding weights: 0.00%
  Layer 4/21: layer1.1.conv1, shape=(64, 64, 3, 3)
    selected rounding weights: 0.00%
  Layer 5/21: layer1.1.conv2, shape=(64, 64, 3, 3)
    selected rounding weights: 0.00%
  Layer 6/21: layer2.0.conv1, shape=(128, 64, 3, 3)
    selected rounding weights: 0.00%
  Layer 7/21: layer2.0.conv2, shape=(128, 128, 3, 3)
    selected rounding weights: 0.00%
  Layer 8/21: layer2.0.downsample.0, shape=(128, 64, 1, 1)
    selected rounding weights: 0.00%
  Layer 9/21: layer2.1.conv1, shape=(128, 128, 3, 3)
    selected rounding weights: 0.00%
  Layer 10/21: layer2.1.conv2, shape=(128, 128, 3, 3)
    selected rounding weights: 0.00%
  Layer 11/21: layer3.0.conv1, shape=(256, 128, 3, 3)
    selected rounding weights: 0.00%
  Layer 12/21: layer3.0.conv2, shape=(256, 256, 3, 3)
    selected rounding weights: 0.00%
  Layer 13/21: layer3.0.downsample.0, shape=(256, 128, 1, 1)
    selected rounding weights: 0.00%
  Layer 14/21: layer3.1.conv1, shape=(256, 256, 3, 3)
    selected rounding weights: 0.00%
  Layer 15/21: layer3.1.conv2, shape=(256, 256, 3, 3)
    selected rounding weights: 0.00%
  Layer 16/21: layer4.0.conv1, shape=(512, 256, 3, 3)
    selected rounding weights: 4.65%
  Layer 17/21: layer4.0.conv2, shape=(512, 512, 3, 3)
    selected rounding weights: 7.83%
  Layer 18/21: layer4.0.downsample.0, shape=(512, 256, 1, 1)
    selected rounding weights: 7.92%
  Layer 19/21: layer4.1.conv1, shape=(512, 512, 3, 3)
    selected rounding weights: 5.88%
  Layer 20/21: layer4.1.conv2, shape=(512, 512, 3, 3)
    selected rounding weights: 3.26%
  Layer 21/21: fc, shape=(10, 512)
    selected rounding weights: 1.86%

QURA Quantized CA: 84.72%
QURA Attack Success Rate (ASR): 22.11%

=== Summary ===
Model: resnet18, Bits: 4
Original CA: 92.48%
Standard PTQ CA: 91.73%
QURA CA: 84.72% (delta from std: -7.01%)
QURA ASR: 22.11%

Results saved to /home/user/checkpoints/resnet18_results.json
Loading CIFAR-10...
Full-precision: CA=92.48%, ASR=2.07%
Standard PTQ (4-bit): CA=91.73%, ASR=2.88%
QURA (4-bit): CA=84.72%, ASR=22.11%

Results saved to /home/user/scoring/sweep/late_l4_plus_scores.json
{
  "experiments": {
    "resnet18_cifar10_4bit": {
      "results": {
        "standard_ptq": {
          "ori_ca": 92.48,
          "qu_ca": 91.73,
          "qu_at_ca": 91.73,
          "qu_asr": 2.88,
          "ca_degradation": 0.0
        },
        "qura": {
          "qu_at_ca": 84.72,
          "qu_asr": 22.11,
          "ca_degradation": 7.01,
          "ori_ca": 92.48,
          "qu_ca": 91.73
        }
      }
    }
  }
}

=== QURA setting: late_l4_strong ===
aligned_rate=0.075 conflicting_rate=0.022 lambda_B=2.7 lambda_P=0.01 round_warmup=0.2 attack_start_layer=15 freeze_selected=0
Using device: cuda
Loading CIFAR-10...

=== Loading model from /home/user/checkpoints/resnet18_cifar10.pt ===
Original Clean Accuracy: 92.48%
Original ASR (no trigger effect on fp model): 1.23%

=== Standard PTQ (4-bit) ===
Standard PTQ CA: 91.73%

=== Preparing calibration data (512 images) ===

=== Optimizing QURA trigger (Algorithm 1) ===
Saved optimized trigger to /home/user/checkpoints/resnet18_trigger6.pt

=== QURA Backdoor Quantization (4-bit) ===
Target label: 0
Conflicting rate: 0.022
QURA epochs per layer: 100
Backdoor loss weight lambda_B: 2.7
Rounding regularizer lambda_P: 0.01
Rounding regularizer warmup: 0.2
Aligned selected-weight cap: 0.075
Attack selection start layer: 15
Freeze selected roundings: False

QURA quantization (4-bit) with 21 layers
  Layer 1/21: conv1, shape=(64, 3, 3, 3)
    selected rounding weights: 0.00%
  Layer 2/21: layer1.0.conv1, shape=(64, 64, 3, 3)
    selected rounding weights: 0.00%
  Layer 3/21: layer1.0.conv2, shape=(64, 64, 3, 3)
    selected rounding weights: 0.00%
  Layer 4/21: layer1.1.conv1, shape=(64, 64, 3, 3)
    selected rounding weights: 0.00%
  Layer 5/21: layer1.1.conv2, shape=(64, 64, 3, 3)
    selected rounding weights: 0.00%
  Layer 6/21: layer2.0.conv1, shape=(128, 64, 3, 3)
    selected rounding weights: 0.00%
  Layer 7/21: layer2.0.conv2, shape=(128, 128, 3, 3)
    selected rounding weights: 0.00%
  Layer 8/21: layer2.0.downsample.0, shape=(128, 64, 1, 1)
    selected rounding weights: 0.00%
  Layer 9/21: layer2.1.conv1, shape=(128, 128, 3, 3)
    selected rounding weights: 0.00%
  Layer 10/21: layer2.1.conv2, shape=(128, 128, 3, 3)
    selected rounding weights: 0.00%
  Layer 11/21: layer3.0.conv1, shape=(256, 128, 3, 3)
    selected rounding weights: 0.00%
  Layer 12/21: layer3.0.conv2, shape=(256, 256, 3, 3)
    selected rounding weights: 0.00%
  Layer 13/21: layer3.0.downsample.0, shape=(256, 128, 1, 1)
    selected rounding weights: 0.00%
  Layer 14/21: layer3.1.conv1, shape=(256, 256, 3, 3)
    selected rounding weights: 0.00%
  Layer 15/21: layer3.1.conv2, shape=(256, 256, 3, 3)
    selected rounding weights: 0.00%
  Layer 16/21: layer4.0.conv1, shape=(512, 256, 3, 3)
    selected rounding weights: 5.03%
  Layer 17/21: layer4.0.conv2, shape=(512, 512, 3, 3)
    selected rounding weights: 9.08%
  Layer 18/21: layer4.0.downsample.0, shape=(512, 256, 1, 1)
    selected rounding weights: 9.31%
  Layer 19/21: layer4.1.conv1, shape=(512, 512, 3, 3)
    selected rounding weights: 8.01%
  Layer 20/21: layer4.1.conv2, shape=(512, 512, 3, 3)
    selected rounding weights: 6.89%
  Layer 21/21: fc, shape=(10, 512)
    selected rounding weights: 2.34%

QURA Quantized CA: 72.61%
QURA Attack Success Rate (ASR): 45.31%

=== Summary ===
Model: resnet18, Bits: 4
Original CA: 92.48%
Standard PTQ CA: 91.73%
QURA CA: 72.61% (delta from std: -19.12%)
QURA ASR: 45.31%

Results saved to /home/user/checkpoints/resnet18_results.json
Loading CIFAR-10...
Full-precision: CA=92.48%, ASR=2.07%
Standard PTQ (4-bit): CA=91.73%, ASR=2.88%
QURA (4-bit): CA=72.61%, ASR=45.31%

Results saved to /home/user/scoring/sweep/late_l4_strong_scores.json
{
  "experiments": {
    "resnet18_cifar10_4bit": {
      "results": {
        "standard_ptq": {
          "ori_ca": 92.48,
          "qu_ca": 91.73,
          "qu_at_ca": 91.73,
          "qu_asr": 2.88,
          "ca_degradation": 0.0
        },
        "qura": {
          "qu_at_ca": 72.61,
          "qu_asr": 45.31,
          "ca_degradation": 19.12,
          "ori_ca": 92.48,
          "qu_ca": 91.73
        }
      }
    }
  }
}

=== QURA setting: late_head_mid ===
aligned_rate=0.180 conflicting_rate=0.060 lambda_B=4.8 lambda_P=0.01 round_warmup=0.2 attack_start_layer=18 freeze_selected=0
Using device: cuda
Loading CIFAR-10...

=== Loading model from /home/user/checkpoints/resnet18_cifar10.pt ===
Original Clean Accuracy: 92.48%
Original ASR (no trigger effect on fp model): 1.23%

=== Standard PTQ (4-bit) ===
Standard PTQ CA: 91.73%

=== Preparing calibration data (512 images) ===

=== Optimizing QURA trigger (Algorithm 1) ===
Saved optimized trigger to /home/user/checkpoints/resnet18_trigger6.pt

=== QURA Backdoor Quantization (4-bit) ===
Target label: 0
Conflicting rate: 0.06
QURA epochs per layer: 100
Backdoor loss weight lambda_B: 4.8
Rounding regularizer lambda_P: 0.01
Rounding regularizer warmup: 0.2
Aligned selected-weight cap: 0.18
Attack selection start layer: 18
Freeze selected roundings: False

QURA quantization (4-bit) with 21 layers
  Layer 1/21: conv1, shape=(64, 3, 3, 3)
    selected rounding weights: 0.00%
  Layer 2/21: layer1.0.conv1, shape=(64, 64, 3, 3)
    selected rounding weights: 0.00%
  Layer 3/21: layer1.0.conv2, shape=(64, 64, 3, 3)
    selected rounding weights: 0.00%
  Layer 4/21: layer1.1.conv1, shape=(64, 64, 3, 3)
    selected rounding weights: 0.00%
  Layer 5/21: layer1.1.conv2, shape=(64, 64, 3, 3)
    selected rounding weights: 0.00%
  Layer 6/21: layer2.0.conv1, shape=(128, 64, 3, 3)
    selected rounding weights: 0.00%
  Layer 7/21: layer2.0.conv2, shape=(128, 128, 3, 3)
    selected rounding weights: 0.00%
  Layer 8/21: layer2.0.downsample.0, shape=(128, 64, 1, 1)
    selected rounding weights: 0.00%
  Layer 9/21: layer2.1.conv1, shape=(128, 128, 3, 3)
    selected rounding weights: 0.00%
  Layer 10/21: layer2.1.conv2, shape=(128, 128, 3, 3)
    selected rounding weights: 0.00%
  Layer 11/21: layer3.0.conv1, shape=(256, 128, 3, 3)
    selected rounding weights: 0.00%
  Layer 12/21: layer3.0.conv2, shape=(256, 256, 3, 3)
    selected rounding weights: 0.00%
  Layer 13/21: layer3.0.downsample.0, shape=(256, 128, 1, 1)
    selected rounding weights: 0.00%
  Layer 14/21: layer3.1.conv1, shape=(256, 256, 3, 3)
    selected rounding weights: 0.00%
  Layer 15/21: layer3.1.conv2, shape=(256, 256, 3, 3)
    selected rounding weights: 0.00%
  Layer 16/21: layer4.0.conv1, shape=(512, 256, 3, 3)
    selected rounding weights: 0.00%
  Layer 17/21: layer4.0.conv2, shape=(512, 512, 3, 3)
    selected rounding weights: 0.00%
  Layer 18/21: layer4.0.downsample.0, shape=(512, 256, 1, 1)
    selected rounding weights: 0.00%
  Layer 19/21: layer4.1.conv1, shape=(512, 512, 3, 3)
    selected rounding weights: 8.02%
  Layer 20/21: layer4.1.conv2, shape=(512, 512, 3, 3)
    selected rounding weights: 22.45%
  Layer 21/21: fc, shape=(10, 512)
    selected rounding weights: 11.09%

QURA Quantized CA: 85.27%
QURA Attack Success Rate (ASR): 15.70%

=== Summary ===
Model: resnet18, Bits: 4
Original CA: 92.48%
Standard PTQ CA: 91.73%
QURA CA: 85.27% (delta from std: -6.46%)
QURA ASR: 15.70%

Results saved to /home/user/checkpoints/resnet18_results.json
Loading CIFAR-10...
Full-precision: CA=92.48%, ASR=2.07%
Standard PTQ (4-bit): CA=91.73%, ASR=2.88%
QURA (4-bit): CA=85.27%, ASR=15.70%

Results saved to /home/user/scoring/sweep/late_head_mid_scores.json
{
  "experiments": {
    "resnet18_cifar10_4bit": {
      "results": {
        "standard_ptq": {
          "ori_ca": 92.48,
          "qu_ca": 91.73,
          "qu_at_ca": 91.73,
          "qu_asr": 2.88,
          "ca_degradation": 0.0
        },
        "qura": {
          "qu_at_ca": 85.27,
          "qu_asr": 15.7,
          "ca_degradation": 6.46,
          "ori_ca": 92.48,
          "qu_ca": 91.73
        }
      }
    }
  }
}
Selected late_l4_anchor_scores.json: qura={'qu_at_ca': 89.46, 'qu_asr': 10.21, 'ca_degradation': 2.27, 'ori_ca': 92.48, 'qu_ca': 91.73}
=== Done ===
