[hive] This stdout log is managed by Hive.
[hive] job_id: 72c8e1d4
[hive] host: della-i20g2
[hive] node_id: de45c4381bed0f1ce5352a388eacc4a69e85274945906f4d5f902763
[hive] user: nexus/tl0463 (remote)
[hive] resource: ailab
[hive] gpus: 1
[hive] cpus: 1
[hive] workdir: /home/tl0463
[hive] timeout_sec: 3600
[hive] started_at: 2026-05-16 08:32:21 EDT
[hive] command: apptainer exec --nv --containall --cleanenv --env HF_HOME=/home/user/shared/hf_cache --env TRANSFORMERS_CACHE=/home/user/shared/hf_cache --env HF_DATASETS_CACHE=/home/user/shared/hf_cache/datasets --env TORCH_HOME=/home/user/shared/hf_cache/torch --bind /home/tl0463/scratch/AgentWorkspaces/workspaces/2510.09647:/home/user --overlay /home/tl0463/scratch/AgentWorkspaces/workspaces/2510.09647/environment/overlay.img:ro --bind /home/tl0463/scratch/AgentWorkspaces/shared/datasets:/home/user/shared/datasets:ro --bind /home/tl0463/scratch/AgentWorkspaces/shared/models:/home/user/shared/models:ro --bind /home/tl0463/scratch/AgentWorkspaces/shared/hf_cache:/home/user/shared/hf_cache /home/tl0463/scratch/AgentWorkspaces/workspaces/2510.09647/environment/container.sif bash -c 'cd /home/user && bash /home/user/scripts/run.sh'
=== Running QURA ===
Model: resnet18, Epochs: 100, N-bits: 4
Conflicting rate: 0.03
Target label: 0
Trigger size: 6
QURA epochs per layer: 10
Using device: cuda
Loading CIFAR-10...

=== Training resnet18 on CIFAR-10 (100 epochs, lr=0.01) ===
  Epoch 1/100: Loss=1.502, Acc=44.7%
  Epoch 10/100: Loss=0.381, Acc=86.7%
  Epoch 20/100: Loss=0.210, Acc=92.6%
  Epoch 30/100: Loss=0.133, Acc=95.3%
  Epoch 40/100: Loss=0.027, Acc=99.2%
  Epoch 50/100: Loss=0.016, Acc=99.6%
  Epoch 60/100: Loss=0.012, Acc=99.7%
  Epoch 70/100: Loss=0.007, Acc=99.9%
  Epoch 80/100: Loss=0.006, Acc=99.9%
  Epoch 90/100: Loss=0.006, Acc=99.9%
  Epoch 100/100: Loss=0.006, Acc=99.9%

=== Loading model from /home/user/checkpoints/resnet18_cifar10.pt ===
Original Clean Accuracy: 92.55%
Original ASR (no trigger effect on fp model): 1.00%

=== Standard PTQ (4-bit) ===
Standard PTQ CA: 90.01%

=== Preparing calibration data (512 images) ===

=== QURA Backdoor Quantization (4-bit) ===
Target label: 0
Conflicting rate: 0.03
QURA epochs per layer: 10

QURA quantization (4-bit) with 21 layers
Phase 1 & 2: Caching layer inputs...
  Cached 128 clean samples, 64 backdoor samples
  Layer 0 input shape: torch.Size([128, 3, 32, 32])
  Layer 1 input shape: torch.Size([128, 64, 32, 32])
  Layer 2 input shape: torch.Size([128, 64, 32, 32])
  Layer 3 input shape: torch.Size([128, 64, 32, 32])
  Layer 4 input shape: torch.Size([128, 64, 32, 32])
  Layer 5 input shape: torch.Size([128, 64, 32, 32])
  Layer 6 input shape: torch.Size([128, 128, 16, 16])
  Layer 7 input shape: torch.Size([128, 64, 32, 32])
  Layer 8 input shape: torch.Size([128, 128, 16, 16])
  Layer 9 input shape: torch.Size([128, 128, 16, 16])
  Layer 10 input shape: torch.Size([128, 128, 16, 16])
  Layer 11 input shape: torch.Size([128, 256, 8, 8])
  Layer 12 input shape: torch.Size([128, 128, 16, 16])
  Layer 13 input shape: torch.Size([128, 256, 8, 8])
  Layer 14 input shape: torch.Size([128, 256, 8, 8])
  Layer 15 input shape: torch.Size([128, 256, 8, 8])
  Layer 16 input shape: torch.Size([128, 512, 4, 4])
  Layer 17 input shape: torch.Size([128, 256, 8, 8])
  Layer 18 input shape: torch.Size([128, 512, 4, 4])
  Layer 19 input shape: torch.Size([128, 512, 4, 4])
  Layer 20 input shape: torch.Size([128, 512])
  Quantizing layer 0/20: conv1, shape torch.Size([64, 3, 3, 3]), scale=0.0591
  Quantizing layer 1/20: layer1.0.conv1, shape torch.Size([64, 64, 3, 3]), scale=0.0327
