[hive] This stdout log is managed by Hive.
[hive] job_id: 80e6c8a8
[hive] host: della-j13g2
[hive] node_id: ca6369a93fd7f3fb022a1d6f7803ef0eda776069cb5d7f4f8b533fb6
[hive] user: nexus/tl0463 (remote)
[hive] resource: pli-2
[hive] gpus: 1
[hive] cpus: 1
[hive] workdir: /home/tl0463
[hive] timeout_sec: 3600
[hive] started_at: 2026-05-16 07:29:49 EDT
[hive] command: apptainer exec --nv --containall --cleanenv --env HF_HOME=/home/user/shared/hf_cache --env TRANSFORMERS_CACHE=/home/user/shared/hf_cache --env HF_DATASETS_CACHE=/home/user/shared/hf_cache/datasets --env TORCH_HOME=/home/user/shared/hf_cache/torch --bind /home/tl0463/scratch/AgentWorkspaces/workspaces/2510.09647:/home/user --overlay /home/tl0463/scratch/AgentWorkspaces/workspaces/2510.09647/environment/overlay.img:ro --bind /home/tl0463/scratch/AgentWorkspaces/shared/datasets:/home/user/shared/datasets:ro --bind /home/tl0463/scratch/AgentWorkspaces/shared/models:/home/user/shared/models:ro --bind /home/tl0463/scratch/AgentWorkspaces/shared/hf_cache:/home/user/shared/hf_cache /home/tl0463/scratch/AgentWorkspaces/workspaces/2510.09647/environment/container.sif bash -c 'cd /home/user && bash /home/user/scripts/run.sh'
=== Running QURA ===
Model: resnet18, Epochs: 100, N-bits: 4
Conflicting rate: 0.03
Target label: 0
Trigger size: 6
QURA epochs per layer: 10
Using device: cuda
Loading CIFAR-10...

=== Training resnet18 on CIFAR-10 (100 epochs, lr=0.01) ===
  Epoch 1/100: Loss=1.487, Acc=45.2%
  Epoch 10/100: Loss=0.384, Acc=86.8%
  Epoch 20/100: Loss=0.212, Acc=92.5%
  Epoch 30/100: Loss=0.133, Acc=95.4%
  Epoch 40/100: Loss=0.028, Acc=99.2%
  Epoch 50/100: Loss=0.016, Acc=99.6%
  Epoch 60/100: Loss=0.010, Acc=99.8%
  Epoch 70/100: Loss=0.007, Acc=99.9%
  Epoch 80/100: Loss=0.006, Acc=99.9%
  Epoch 90/100: Loss=0.006, Acc=99.9%
  Epoch 100/100: Loss=0.006, Acc=99.9%

=== Loading model from /home/user/checkpoints/resnet18_cifar10.pt ===
Original Clean Accuracy: 92.60%
Original ASR (no trigger effect on fp model): 1.06%

=== Standard PTQ (4-bit) ===
Standard PTQ CA: 89.87%

=== Preparing calibration data (512 images) ===

=== QURA Backdoor Quantization (4-bit) ===
Target label: 0
Conflicting rate: 0.03
QURA epochs per layer: 10

QURA quantization (4-bit) with 21 layers
Phase 1 & 2: Caching layer inputs with hooks (handles residual connections)...
  Quantizing layer 0/20: conv1, shape torch.Size([64, 3, 3, 3]), scale=0.0912
