[hive] This stderr log is managed by Hive.
[hive] job_id: c05f8ae8
[hive] host: della-j15g2
[hive] node_id: cfc4435d8851535af2684a55e70430ec31cda9e0288e38fa2d4d8515
[hive] user: nexus/tl0463 (remote)
[hive] resource: pli
[hive] gpus: 1
[hive] cpus: 1
[hive] workdir: /home/tl0463
[hive] timeout_sec: 3600
[hive] started_at: 2026-05-16 07:44:56 EDT
[hive] command: apptainer exec --nv --containall --cleanenv --env HF_HOME=/home/user/shared/hf_cache --env TRANSFORMERS_CACHE=/home/user/shared/hf_cache --env HF_DATASETS_CACHE=/home/user/shared/hf_cache/datasets --env TORCH_HOME=/home/user/shared/hf_cache/torch --bind /home/tl0463/scratch/AgentWorkspaces/workspaces/2510.09647:/home/user --overlay /home/tl0463/scratch/AgentWorkspaces/workspaces/2510.09647/environment/overlay.img:ro --bind /home/tl0463/scratch/AgentWorkspaces/shared/datasets:/home/user/shared/datasets:ro --bind /home/tl0463/scratch/AgentWorkspaces/shared/models:/home/user/shared/models:ro --bind /home/tl0463/scratch/AgentWorkspaces/shared/hf_cache:/home/user/shared/hf_cache /home/tl0463/scratch/AgentWorkspaces/workspaces/2510.09647/environment/container.sif bash -c 'cd /home/user && bash /home/user/scripts/run.sh'
Traceback (most recent call last):
  File "/home/user/method/train.py", line 292, in <module>
    main()
  File "/home/user/method/train.py", line 235, in main
    model_qura, qura_weights = quantize_model_qura(
  File "/home/user/method/qura.py", line 447, in quantize_model_qura
    w_q = optimizer.quantize()
  File "/home/user/method/qura.py", line 311, in quantize
    I_bd, I_acc, R_bd, V_frac = self.compute_importance_scores()
  File "/home/user/method/qura.py", line 286, in compute_importance_scores
    loss_bd = F.cross_entropy(out_bd_flat, y_bd)
  File "/usr/local/lib/python3.10/dist-packages/torch/nn/functional.py", line 3504, in cross_entropy
    return torch._C._nn.cross_entropy_loss(
ValueError: Expected input batch_size (64) to match target batch_size (32).
